Component: ARM Compiler 5.06 update 6 (build 750) Tool: armlink [4d35ed]

==============================================================================

Section Cross References

    startup_stm32f407xx.o(RESET) refers to startup_stm32f407xx.o(STACK) for __initial_sp
    startup_stm32f407xx.o(RESET) refers to startup_stm32f407xx.o(.text) for Reset_Handler
    startup_stm32f407xx.o(RESET) refers to stm32f4xx_it.o(i.NMI_Handler) for NMI_Handler
    startup_stm32f407xx.o(RESET) refers to stm32f4xx_it.o(i.HardFault_Handler) for HardFault_Handler
    startup_stm32f407xx.o(RESET) refers to stm32f4xx_it.o(i.MemManage_Handler) for MemManage_Handler
    startup_stm32f407xx.o(RESET) refers to stm32f4xx_it.o(i.BusFault_Handler) for BusFault_Handler
    startup_stm32f407xx.o(RESET) refers to stm32f4xx_it.o(i.UsageFault_Handler) for UsageFault_Handler
    startup_stm32f407xx.o(RESET) refers to stm32f4xx_it.o(i.SVC_Handler) for SVC_Handler
    startup_stm32f407xx.o(RESET) refers to stm32f4xx_it.o(i.DebugMon_Handler) for DebugMon_Handler
    startup_stm32f407xx.o(RESET) refers to stm32f4xx_it.o(i.PendSV_Handler) for PendSV_Handler
    startup_stm32f407xx.o(RESET) refers to stm32f4xx_it.o(i.SysTick_Handler) for SysTick_Handler
    startup_stm32f407xx.o(RESET) refers to stm32f4xx_it.o(i.TIM1_UP_TIM10_IRQHandler) for TIM1_UP_TIM10_IRQHandler
    startup_stm32f407xx.o(RESET) refers to stm32f4xx_it.o(i.TIM1_TRG_COM_TIM11_IRQHandler) for TIM1_TRG_COM_TIM11_IRQHandler
    startup_stm32f407xx.o(RESET) refers to stm32f4xx_it.o(i.TIM3_IRQHandler) for TIM3_IRQHandler
    startup_stm32f407xx.o(RESET) refers to stm32f4xx_it.o(i.TIM4_IRQHandler) for TIM4_IRQHandler
    startup_stm32f407xx.o(RESET) refers to stm32f4xx_it.o(i.USART1_IRQHandler) for USART1_IRQHandler
    startup_stm32f407xx.o(RESET) refers to stm32f4xx_it.o(i.TIM8_UP_TIM13_IRQHandler) for TIM8_UP_TIM13_IRQHandler
    startup_stm32f407xx.o(RESET) refers to stm32f4xx_it.o(i.DMA2_Stream2_IRQHandler) for DMA2_Stream2_IRQHandler
    startup_stm32f407xx.o(RESET) refers to stm32f4xx_it.o(i.DMA2_Stream7_IRQHandler) for DMA2_Stream7_IRQHandler
    startup_stm32f407xx.o(.text) refers to system_stm32f4xx.o(i.SystemInit) for SystemInit
    startup_stm32f407xx.o(.text) refers to entry.o(.ARM.Collect$$$$00000000) for __main
    mpu6050.o(i.ComplementaryFilter) refers to mpu6050.o(i.MPU6050_GetAccelerometerRAW) for MPU6050_GetAccelerometerRAW
    mpu6050.o(i.ComplementaryFilter) refers to mpu6050.o(i.MPU6050_GetGyroscopeScaled) for MPU6050_GetGyroscopeScaled
    mpu6050.o(i.ComplementaryFilter) refers to atan2f.o(i.__hardfp_atan2f) for __hardfp_atan2f
    mpu6050.o(i.ComplementaryFilter) refers to f2d.o(.text) for __aeabi_f2d
    mpu6050.o(i.ComplementaryFilter) refers to ddiv.o(.text) for __aeabi_ddiv
    mpu6050.o(i.ComplementaryFilter) refers to d2f.o(.text) for __aeabi_d2f
    mpu6050.o(i.ComplementaryFilter) refers to dmul.o(.text) for __aeabi_dmul
    mpu6050.o(i.ComplementaryFilter) refers to dadd.o(.text) for __aeabi_dadd
    mpu6050.o(i.MPU6050_AccelerometerAxisStandby) refers to stm32f4xx_hal_i2c.o(i.HAL_I2C_Mem_Read) for HAL_I2C_Mem_Read
    mpu6050.o(i.MPU6050_AccelerometerAxisStandby) refers to stm32f4xx_hal_i2c.o(i.HAL_I2C_Mem_Write) for HAL_I2C_Mem_Write
    mpu6050.o(i.MPU6050_AccelerometerAxisStandby) refers to mpu6050.o(.data) for .data
    mpu6050.o(i.MPU6050_DeviceReset) refers to stm32f4xx_hal_i2c.o(i.HAL_I2C_Mem_Read) for HAL_I2C_Mem_Read
    mpu6050.o(i.MPU6050_DeviceReset) refers to stm32f4xx_hal_i2c.o(i.HAL_I2C_Mem_Write) for HAL_I2C_Mem_Write
    mpu6050.o(i.MPU6050_DeviceReset) refers to mpu6050.o(.data) for .data
    mpu6050.o(i.MPU6050_GetAccelerationXRAW) refers to stm32f4xx_hal_i2c.o(i.HAL_I2C_Mem_Read) for HAL_I2C_Mem_Read
    mpu6050.o(i.MPU6050_GetAccelerationXRAW) refers to mpu6050.o(.data) for .data
    mpu6050.o(i.MPU6050_GetAccelerationYRAW) refers to stm32f4xx_hal_i2c.o(i.HAL_I2C_Mem_Read) for HAL_I2C_Mem_Read
    mpu6050.o(i.MPU6050_GetAccelerationYRAW) refers to mpu6050.o(.data) for .data
    mpu6050.o(i.MPU6050_GetAccelerationZRAW) refers to stm32f4xx_hal_i2c.o(i.HAL_I2C_Mem_Read) for HAL_I2C_Mem_Read
    mpu6050.o(i.MPU6050_GetAccelerationZRAW) refers to mpu6050.o(.data) for .data
    mpu6050.o(i.MPU6050_GetAccelerometerRAW) refers to stm32f4xx_hal_i2c.o(i.HAL_I2C_Mem_Read) for HAL_I2C_Mem_Read
    mpu6050.o(i.MPU6050_GetAccelerometerRAW) refers to mpu6050.o(.data) for .data
    mpu6050.o(i.MPU6050_GetAccelerometerScaled) refers to mpu6050.o(i.MPU6050_GetAccelerometerRAW) for MPU6050_GetAccelerometerRAW
    mpu6050.o(i.MPU6050_GetAccelerometerScaled) refers to mpu6050.o(.data) for .data
    mpu6050.o(i.MPU6050_GetDeviceID) refers to stm32f4xx_hal_i2c.o(i.HAL_I2C_Mem_Read) for HAL_I2C_Mem_Read
    mpu6050.o(i.MPU6050_GetDeviceID) refers to mpu6050.o(.data) for .data
    mpu6050.o(i.MPU6050_GetGyroscopeRAW) refers to stm32f4xx_hal_i2c.o(i.HAL_I2C_Mem_Read) for HAL_I2C_Mem_Read
[...]
    ../clib/microlib/printf/printf.c         0x00000000   Number         0  printf8.o ABSOLUTE
    ../clib/microlib/printf/printf.c         0x00000000   Number         0  printf0.o ABSOLUTE
    ../clib/microlib/printf/printf.c         0x00000000   Number         0  printf1.o ABSOLUTE
    ../clib/microlib/printf/printf.c         0x00000000   Number         0  printf2.o ABSOLUTE
    ../clib/microlib/printf/printf.c         0x00000000   Number         0  printf3.o ABSOLUTE
    ../clib/microlib/printf/printf.c         0x00000000   Number         0  printf4.o ABSOLUTE
    ../clib/microlib/printf/printf.c         0x00000000   Number         0  printf5.o ABSOLUTE
    ../clib/microlib/printf/printf.c         0x00000000   Number         0  printf6.o ABSOLUTE
    ../clib/microlib/printf/printf.c         0x00000000   Number         0  printf7.o ABSOLUTE
    ../clib/microlib/printf/printf.c         0x00000000   Number         0  printfa.o ABSOLUTE
    ../clib/microlib/printf/stubs.s          0x00000000   Number         0  stubs.o ABSOLUTE
    ../clib/microlib/stdio/fputc.c           0x00000000   Number         0  fputc.o ABSOLUTE
    ../clib/microlib/stdio/semi.s            0x00000000   Number         0  semi.o ABSOLUTE
    ../clib/microlib/stdio/streams.c         0x00000000   Number         0  stdout.o ABSOLUTE
    ../clib/microlib/string/memset.c         0x00000000   Number         0  memseta.o ABSOLUTE
    ../clib/microlib/stubs.s                 0x00000000   Number         0  iusesemip.o ABSOLUTE
    ../clib/microlib/stubs.s                 0x00000000   Number         0  iusefp.o ABSOLUTE
    ../clib/scanf.c                          0x00000000   Number         0  _chval.o ABSOLUTE
    ../clib/scanf.c                          0x00000000   Number         0  strtol.o ABSOLUTE
    ../clib/scanf.c                          0x00000000   Number         0  atoi.o ABSOLUTE
    ../clib/scanf.c                          0x00000000   Number         0  _strtoul.o ABSOLUTE
    ../fplib/microlib/d2f.c                  0x00000000   Number         0  d2f.o ABSOLUTE
    ../fplib/microlib/f2d.c                  0x00000000   Number         0  f2d.o ABSOLUTE
    ../fplib/microlib/fpadd.c                0x00000000   Number         0  dadd.o ABSOLUTE
    ../fplib/microlib/fpdiv.c                0x00000000   Number         0  ddiv.o ABSOLUTE
    ../fplib/microlib/fpepilogue.c           0x00000000   Number         0  fepilogue.o ABSOLUTE
    ../fplib/microlib/fpepilogue.c           0x00000000   Number         0  depilogue.o ABSOLUTE
    ../fplib/microlib/fpfix.c                0x00000000   Number         0  dfixul.o ABSOLUTE
    ../fplib/microlib/fpmul.c                0x00000000   Number         0  dmul.o ABSOLUTE
    ../fplib/microlib/fpneg.c                0x00000000   Number         0  dneg.o ABSOLUTE
    ../fplib/microlib/fpsqrt.c               0x00000000   Number         0  dsqrt.o ABSOLUTE
    ../mathlib/atan.c                        0x00000000   Number         0  atan.o ABSOLUTE
    ../mathlib/atan.c                        0x00000000   Number         0  atan_x.o ABSOLUTE
    ../mathlib/atan2.c                       0x00000000   Number         0  atan2_x.o ABSOLUTE
    ../mathlib/atan2.c                       0x00000000   Number         0  atan2.o ABSOLUTE
    ../mathlib/atan2f.c                      0x00000000   Number         0  atan2f_x.o ABSOLUTE
    ../mathlib/atan2f.c                      0x00000000   Number         0  atan2f.o ABSOLUTE
    ../mathlib/dunder.c                      0x00000000   Number         0  dunder.o ABSOLUTE
    ../mathlib/fabs.c                        0x00000000   Number         0  fabs.o ABSOLUTE
    ../mathlib/fpclassify.c                  0x00000000   Number         0  fpclassify.o ABSOLUTE
    ../mathlib/fpclassifyf.c                 0x00000000   Number         0  fpclassifyf.o ABSOLUTE
    ../mathlib/funder.c                      0x00000000   Number         0  funder.o ABSOLUTE
    ../mathlib/poly.c                        0x00000000   Number         0  poly.o ABSOLUTE
    ../mathlib/qnan.c                        0x00000000   Number         0  qnan.o ABSOLUTE
    ../mathlib/sqrt.c                        0x00000000   Number         0  sqrt_x.o ABSOLUTE
    ../mathlib/sqrt.c                        0x00000000   Number         0  sqrt.o ABSOLUTE
    ..\Drivers\STM32F4xx_HAL_Driver\Src\stm32f4xx_hal.c 0x00000000   Number         0  stm32f4xx_hal.o ABSOLUTE
    ..\Drivers\STM32F4xx_HAL_Driver\Src\stm32f4xx_hal_cortex.c 0x00000000   Number         0  stm32f4xx_hal_cortex.o ABSOLUTE
    ..\Drivers\STM32F4xx_HAL_Driver\Src\stm32f4xx_hal_dma.c 0x00000000   Number         0  stm32f4xx_hal_dma.o ABSOLUTE
    ..\Drivers\STM32F4xx_HAL_Driver\Src\stm32f4xx_hal_dma_ex.c 0x00000000   Number         0  stm32f4xx_hal_dma_ex.o ABSOLUTE
    ..\Drivers\STM32F4xx_HAL_Driver\Src\stm32f4xx_hal_exti.c 0x00000000   Number         0  stm32f4xx_hal_exti.o ABSOLUTE
    ..\Drivers\STM32F4xx_HAL_Driver\Src\stm32f4xx_hal_flash.c 0x00000000   Number         0  stm32f4xx_hal_flash.o ABSOLUTE
    ..\Drivers\STM32F4xx_HAL_Driver\Src\stm32f4xx_hal_flash_ex.c 0x00000000   Number         0  stm32f4xx_hal_flash_ex.o ABSOLUTE
    ..\Drivers\STM32F4xx_HAL_Driver\Src\stm32f4xx_hal_flash_ramfunc.c 0x00000000   Number         0  stm32f4xx_hal_flash_ramfunc.o ABSOLUTE
    ..\Drivers\STM32F4xx_HAL_Driver\Src\stm32f4xx_hal_gpio.c 0x00000000   Number         0  stm32f4xx_hal_gpio.o ABSOLUTE
    ..\Drivers\STM32F4xx_HAL_Driver\Src\stm32f4xx_hal_i2c.c 0x00000000   Number         0  stm32f4xx_hal_i2c.o ABSOLUTE
    ..\Drivers\STM32F4xx_HAL_Driver\Src\stm32f4xx_hal_i2c_ex.c 0x00000000   Number         0  stm32f4xx_hal_i2c_ex.o ABSOLUTE
    ..\Drivers\STM32F4xx_HAL_Driver\Src\stm32f4xx_hal_pwr.c 0x00000000   Number         0  stm32f4xx_hal_pwr.o ABSOLUTE
    ..\Drivers\STM32F4xx_HAL_Driver\Src\stm32f4xx_hal_pwr_ex.c 0x00000000   Number         0  stm32f4xx_hal_pwr_ex.o ABSOLUTE
    ..\Drivers\STM32F4xx_HAL_Driver\Src\stm32f4xx_hal_rcc.c 0x00000000   Number         0  stm32f4xx_hal_rcc.o ABSOLUTE
    ..\Drivers\STM32F4xx_HAL_Driver\Src\stm32f4xx_hal_rcc_ex.c 0x00000000   Number         0  stm32f4xx_hal_rcc_ex.o ABSOLUTE
    ..\Drivers\STM32F4xx_HAL_Driver\Src\stm32f4xx_hal_spi.c 0x00000000   Number         0  stm32f4xx_hal_spi.o ABSOLUTE
    ..\Drivers\STM32F4xx_HAL_Driver\Src\stm32f4xx_hal_tim.c 0x00000000   Number         0  stm32f4xx_hal_tim.o ABSOLUTE
    ..\Drivers\STM32F4xx_HAL_Driver\Src\stm32f4xx_hal_tim_ex.c 0x00000000   Number         0  stm32f4xx_hal_tim_ex.o ABSOLUTE
    ..\Drivers\STM32F4xx_HAL_Driver\Src\stm32f4xx_hal_uart.c 0x00000000   Number         0  stm32f4xx_hal_uart.o ABSOLUTE
    ..\Src\main.c                            0x00000000   Number         0  main.o ABSOLUTE
    ..\Src\mpu6050.c                         0x00000000   Number         0  mpu6050.o ABSOLUTE
    ..\Src\stm32f4xx_hal_msp.c               0x00000000   Number         0  stm32f4xx_hal_msp.o ABSOLUTE
    ..\Src\stm32f4xx_it.c                    0x00000000   Number         0  stm32f4xx_it.o ABSOLUTE
    ..\Src\system_stm32f4xx.c                0x00000000   Number         0  system_stm32f4xx.o ABSOLUTE
    ..\\Src\\mpu6050.c                       0x00000000   Number         0  mpu6050.o ABSOLUTE
    cdcmple.s                                0x00000000   Number         0  cdcmple.o ABSOLUTE
    cdrcmple.s                               0x00000000   Number         0  cdrcmple.o ABSOLUTE
    dc.s                                     0x00000000   Number         0  dc.o ABSOLUTE
    handlers.s                               0x00000000   Number         0  handlers.o ABSOLUTE
    init.s                                   0x00000000   Number         0  init.o ABSOLUTE
    startup_stm32f407xx.s                    0x00000000   Number         0  startup_stm32f407xx.o ABSOLUTE
    RESET                                    0x08000000   Section      392  startup_stm32f407xx.o(RESET)
    .ARM.Collect$$$$00000000                 0x08000188   Section        0  entry.o(.ARM.Collect$$$$00000000)
    .ARM.Collect$$$$00000001                 0x08000188   Section        4  entry2.o(.ARM.Collect$$$$00000001)
    .ARM.Collect$$$$00000004                 0x0800018c   Section        4  entry5.o(.ARM.Collect$$$$00000004)
    .ARM.Collect$$$$00000008                 0x08000190   Section        0  entry7b.o(.ARM.Collect$$$$00000008)
    .ARM.Collect$$$$0000000A                 0x08000190   Section        0  entry8b.o(.ARM.Collect$$$$0000000A)
    .ARM.Collect$$$$0000000B                 0x08000190   Section        8  entry9a.o(.ARM.Collect$$$$0000000B)
    .ARM.Collect$$$$0000000D                 0x08000198   Section        0  entry10a.o(.ARM.Collect$$$$0000000D)
    .ARM.Collect$$$$0000000F                 0x08000198   Section        0  entry11a.o(.ARM.Collect$$$$0000000F)
    .ARM.Collect$$$$00002712                 0x08000198   Section        4  entry2.o(.ARM.Collect$$$$00002712)
    __lit__00000000                          0x08000198   Data           4  entry2.o(.ARM.Collect$$$$00002712)
    .text                                    0x0800019c   Section       36  startup_stm32f407xx.o(.text)
    $v0                                      0x0800019c   Number         0  startup_stm32f407xx.o(.text)
    .text                                    0x080001c0   Section        0  uldiv.o(.text)
    .text                                    0x08000222   Section        0  memseta.o(.text)
    .text                                    0x08000246   Section        0  atoi.o(.text)
    .text                                    0x08000260   Section        0  dadd.o(.text)
    .text                                    0x080003ae   Section        0  dmul.o(.text)
    .text                                    0x08000492   Section        0  ddiv.o(.text)
    .text                                    0x08000570   Section        0  f2d.o(.text)
    .text                                    0x08000596   Section        0  d2f.o(.text)
    .text                                    0x080005ce   Section        0  uidiv.o(.text)
    .text                                    0x080005fa   Section        0  llshl.o(.text)
    .text                                    0x08000618   Section        0  llushr.o(.text)
    .text                                    0x08000638   Section        0  llsshr.o(.text)
    .text                                    0x0800065c   Section        0  strtol.o(.text)
    .text                                    0x080006cc   Section        0  iusefp.o(.text)
    .text                                    0x080006cc   Section        0  fepilogue.o(.text)
    .text                                    0x0800073a   Section        0  depilogue.o(.text)
    .text                                    0x080007f4   Section        0  dfixul.o(.text)
    .text                                    0x08000824   Section       48  cdrcmple.o(.text)
    .text                                    0x08000854   Section       36  init.o(.text)
    .text                                    0x08000878   Section        0  ctype_o.o(.text)
    .text                                    0x08000880   Section        0  _strtoul.o(.text)
    .text                                    0x0800091e   Section        0  _chval.o(.text)
    i.BusFault_Handler                       0x0800093a   Section        0  stm32f4xx_it.o(i.BusFault_Handler)
    i.ComplementaryFilter                    0x0800093c   Section        0  mpu6050.o(i.ComplementaryFilter)
    i.DMA2_Stream2_IRQHandler                0x08000aa0   Section        0  stm32f4xx_it.o(i.DMA2_Stream2_IRQHandler)
    i.DMA2_Stream7_IRQHandler                0x08000aac   Section        0  stm32f4xx_it.o(i.DMA2_Stream7_IRQHandler)
    i.DMA_CalcBaseAndBitshift                0x08000ab8   Section        0  stm32f4xx_hal_dma.o(i.DMA_CalcBaseAndBitshift)
    DMA_CalcBaseAndBitshift                  0x08000ab9   Thumb Code    34  stm32f4xx_hal_dma.o(i.DMA_CalcBaseAndBitshift)
    i.DMA_CheckFifoParam                     0x08000ae0   Section        0  stm32f4xx_hal_dma.o(i.DMA_CheckFifoParam)
    DMA_CheckFifoParam                       0x08000ae1   Thumb Code    84  stm32f4xx_hal_dma.o(i.DMA_CheckFifoParam)
    i.DMA_SetConfig                          0x08000b34   Section        0  stm32f4xx_hal_dma.o(i.DMA_SetConfig)
    DMA_SetConfig                            0x08000b35   Thumb Code    40  stm32f4xx_hal_dma.o(i.DMA_SetConfig)
    i.DebugMon_Handler                       0x08000b5c   Section        0  stm32f4xx_it.o(i.DebugMon_Handler)
    i.Error_Handler                          0x08000b5e   Section        0  main.o(i.Error_Handler)
    i.HAL_DMA_Abort_IT                       0x08000b60   Section        0  stm32f4xx_hal_dma.o(i.HAL_DMA_Abort_IT)
    i.HAL_DMA_IRQHandler                     0x08000b84   Section        0  stm32f4xx_hal_dma.o(i.HAL_DMA_IRQHandler)
    i.HAL_DMA_Init                           0x08000d24   Section        0  stm32f4xx_hal_dma.o(i.HAL_DMA_Init)
    i.HAL_DMA_Start_IT                       0x08000df8   Section        0  stm32f4xx_hal_dma.o(i.HAL_DMA_Start_IT)
    i.HAL_GPIO_Init                          0x08000e68   Section        0  stm32f4xx_hal_gpio.o(i.HAL_GPIO_Init)
    i.HAL_GPIO_TogglePin                     0x08001020   Section        0  stm32f4xx_hal_gpio.o(i.HAL_GPIO_TogglePin)
    i.HAL_GPIO_WritePin                      0x0800102e   Section        0  stm32f4xx_hal_gpio.o(i.HAL_GPIO_WritePin)
    i.HAL_GetTick                            0x08001038   Section        0  stm32f4xx_hal.o(i.HAL_GetTick)
    i.HAL_I2C_Init                           0x08001044   Section        0  stm32f4xx_hal_i2c.o(i.HAL_I2C_Init)
    i.HAL_I2C_Mem_Read                       0x080011cc   Section        0  stm32f4xx_hal_i2c.o(i.HAL_I2C_Mem_Read)
    i.HAL_I2C_Mem_Write                      0x080013c4   Section        0  stm32f4xx_hal_i2c.o(i.HAL_I2C_Mem_Write)
    i.HAL_I2C_MspInit                        0x080014f4   Section        0  stm32f4xx_hal_msp.o(i.HAL_I2C_MspInit)
    i.HAL_IncTick                            0x08001560   Section        0  stm32f4xx_hal.o(i.HAL_IncTick)
    i.HAL_Init                               0x08001570   Section        0  stm32f4xx_hal.o(i.HAL_Init)
    i.HAL_InitTick                           0x080015a4   Section        0  stm32f4xx_hal.o(i.HAL_InitTick)
    i.HAL_MspInit                            0x080015e4   Section        0  stm32f4xx_hal_msp.o(i.HAL_MspInit)
    i.HAL_NVIC_EnableIRQ                     0x08001618   Section        0  stm32f4xx_hal_cortex.o(i.HAL_NVIC_EnableIRQ)
    i.HAL_NVIC_SetPriority                   0x08001634   Section        0  stm32f4xx_hal_cortex.o(i.HAL_NVIC_SetPriority)
    i.HAL_NVIC_SetPriorityGrouping           0x08001674   Section        0  stm32f4xx_hal_cortex.o(i.HAL_NVIC_SetPriorityGrouping)
    i.HAL_RCC_ClockConfig                    0x08001698   Section        0  stm32f4xx_hal_rcc.o(i.HAL_RCC_ClockConfig)
    i.HAL_RCC_GetPCLK1Freq                   0x080017cc   Section        0  stm32f4xx_hal_rcc.o(i.HAL_RCC_GetPCLK1Freq)
    i.HAL_RCC_GetPCLK2Freq                   0x080017ec   Section        0  stm32f4xx_hal_rcc.o(i.HAL_RCC_GetPCLK2Freq)
    i.HAL_RCC_GetSysClockFreq                0x0800180c   Section        0  stm32f4xx_hal_rcc.o(i.HAL_RCC_GetSysClockFreq)
    i.HAL_RCC_OscConfig                      0x0800186c   Section        0  stm32f4xx_hal_rcc.o(i.HAL_RCC_OscConfig)
    i.HAL_SPI_Init                           0x08001bc8   Section        0  stm32f4xx_hal_spi.o(i.HAL_SPI_Init)
    i.HAL_SPI_MspInit                        0x08001c48   Section        0  stm32f4xx_hal_msp.o(i.HAL_SPI_MspInit)
    i.HAL_SYSTICK_Config                     0x08001cb0   Section        0  stm32f4xx_hal_cortex.o(i.HAL_SYSTICK_Config)
    i.HAL_TIMEx_BreakCallback                0x08001cd8   Section        0  stm32f4xx_hal_tim_ex.o(i.HAL_TIMEx_BreakCallback)
    i.HAL_TIMEx_CommutCallback               0x08001cda   Section        0  stm32f4xx_hal_tim_ex.o(i.HAL_TIMEx_CommutCallback)
    i.HAL_TIMEx_MasterConfigSynchronization  0x08001cdc   Section        0  stm32f4xx_hal_tim_ex.o(i.HAL_TIMEx_MasterConfigSynchronization)
    i.HAL_TIM_Base_Init                      0x08001d6c   Section        0  stm32f4xx_hal_tim.o(i.HAL_TIM_Base_Init)
    i.HAL_TIM_Base_MspInit                   0x08001da4   Section        0  stm32f4xx_hal_msp.o(i.HAL_TIM_Base_MspInit)
    i.HAL_TIM_Base_Start_IT                  0x08001e98   Section        0  stm32f4xx_hal_tim.o(i.HAL_TIM_Base_Start_IT)
    i.HAL_TIM_ConfigClockSource              0x08001eba   Section        0  stm32f4xx_hal_tim.o(i.HAL_TIM_ConfigClockSource)
    i.HAL_TIM_IC_CaptureCallback             0x08001f90   Section        0  stm32f4xx_hal_tim.o(i.HAL_TIM_IC_CaptureCallback)
    i.HAL_TIM_IRQHandler                     0x08001f92   Section        0  stm32f4xx_hal_tim.o(i.HAL_TIM_IRQHandler)
    i.HAL_TIM_MspPostInit                    0x080020f8   Section        0  stm32f4xx_hal_msp.o(i.HAL_TIM_MspPostInit)
    i.HAL_TIM_OC_DelayElapsedCallback        0x080021a8   Section        0  stm32f4xx_hal_tim.o(i.HAL_TIM_OC_DelayElapsedCallback)
    i.HAL_TIM_PWM_ConfigChannel              0x080021aa   Section        0  stm32f4xx_hal_tim.o(i.HAL_TIM_PWM_ConfigChannel)
    i.HAL_TIM_PWM_Init                       0x0800227a   Section        0  stm32f4xx_hal_tim.o(i.HAL_TIM_PWM_Init)
    i.HAL_TIM_PWM_MspInit                    0x080022b0   Section        0  stm32f4xx_hal_tim.o(i.HAL_TIM_PWM_MspInit)
    i.HAL_TIM_PWM_PulseFinishedCallback      0x080022b2   Section        0  stm32f4xx_hal_tim.o(i.HAL_TIM_PWM_PulseFinishedCallback)
    i.HAL_TIM_PWM_Start                      0x080022b4   Section        0  stm32f4xx_hal_tim.o(i.HAL_TIM_PWM_Start)
    i.HAL_TIM_PeriodElapsedCallback          0x080022f8   Section        0  main.o(i.HAL_TIM_PeriodElapsedCallback)
    i.HAL_TIM_TriggerCallback                0x08002458   Section        0  stm32f4xx_hal_tim.o(i.HAL_TIM_TriggerCallback)
    i.HAL_UART_ErrorCallback                 0x0800245a   Section        0  stm32f4xx_hal_uart.o(i.HAL_UART_ErrorCallback)
    i.HAL_UART_IRQHandler                    0x0800245c   Section        0  stm32f4xx_hal_uart.o(i.HAL_UART_IRQHandler)
    i.HAL_UART_Init                          0x08002570   Section        0  stm32f4xx_hal_uart.o(i.HAL_UART_Init)
    i.HAL_UART_MspInit                       0x080025d4   Section        0  stm32f4xx_hal_msp.o(i.HAL_UART_MspInit)
    i.HAL_UART_Receive_DMA                   0x080026b8   Section        0  stm32f4xx_hal_uart.o(i.HAL_UART_Receive_DMA)
    i.HAL_UART_RxCpltCallback                0x08002750   Section        0  main.o(i.HAL_UART_RxCpltCallback)
    i.HAL_UART_RxHalfCpltCallback            0x08002810   Section        0  stm32f4xx_hal_uart.o(i.HAL_UART_RxHalfCpltCallback)
    i.HAL_UART_Transmit_DMA                  0x08002814   Section        0  stm32f4xx_hal_uart.o(i.HAL_UART_Transmit_DMA)
    i.HAL_UART_TxCpltCallback                0x08002894   Section        0  stm32f4xx_hal_uart.o(i.HAL_UART_TxCpltCallback)
    i.HAL_UART_TxHalfCpltCallback            0x08002896   Section        0  stm32f4xx_hal_uart.o(i.HAL_UART_TxHalfCpltCallback)
    i.HardFault_Handler                      0x08002898   Section        0  stm32f4xx_it.o(i.HardFault_Handler)
    i.I2C_IsAcknowledgeFailed                0x0800289a   Section        0  stm32f4xx_hal_i2c.o(i.I2C_IsAcknowledgeFailed)
    I2C_IsAcknowledgeFailed                  0x0800289b   Thumb Code    46  stm32f4xx_hal_i2c.o(i.I2C_IsAcknowledgeFailed)
    i.I2C_RequestMemoryRead                  0x080028c8   Section        0  stm32f4xx_hal_i2c.o(i.I2C_RequestMemoryRead)
    I2C_RequestMemoryRead                    0x080028c9   Thumb Code   246  stm32f4xx_hal_i2c.o(i.I2C_RequestMemoryRead)
    i.I2C_RequestMemoryWrite                 0x080029c4   Section        0  stm32f4xx_hal_i2c.o(i.I2C_RequestMemoryWrite)
    I2C_RequestMemoryWrite                   0x080029c5   Thumb Code   162  stm32f4xx_hal_i2c.o(i.I2C_RequestMemoryWrite)
    i.I2C_WaitOnBTFFlagUntilTimeout          0x08002a6c   Section        0  stm32f4xx_hal_i2c.o(i.I2C_WaitOnBTFFlagUntilTimeout)
    I2C_WaitOnBTFFlagUntilTimeout            0x08002a6d   Thumb Code    76  stm32f4xx_hal_i2c.o(i.I2C_WaitOnBTFFlagUntilTimeout)
    i.I2C_WaitOnFlagUntilTimeout             0x08002ab8   Section        0  stm32f4xx_hal_i2c.o(i.I2C_WaitOnFlagUntilTimeout)
    I2C_WaitOnFlagUntilTimeout               0x08002ab9   Thumb Code   104  stm32f4xx_hal_i2c.o(i.I2C_WaitOnFlagUntilTimeout)
    i.I2C_WaitOnMasterAddressFlagUntilTimeout 0x08002b20   Section        0  stm32f4xx_hal_i2c.o(i.I2C_WaitOnMasterAddressFlagUntilTimeout)
    I2C_WaitOnMasterAddressFlagUntilTimeout  0x08002b21   Thumb Code   150  stm32f4xx_hal_i2c.o(i.I2C_WaitOnMasterAddressFlagUntilTimeout)
    i.I2C_WaitOnRXNEFlagUntilTimeout         0x08002bb6   Section        0  stm32f4xx_hal_i2c.o(i.I2C_WaitOnRXNEFlagUntilTimeout)
    I2C_WaitOnRXNEFlagUntilTimeout           0x08002bb7   Thumb Code   102  stm32f4xx_hal_i2c.o(i.I2C_WaitOnRXNEFlagUntilTimeout)
    i.I2C_WaitOnTXEFlagUntilTimeout          0x08002c1c   Section        0  stm32f4xx_hal_i2c.o(i.I2C_WaitOnTXEFlagUntilTimeout)
    I2C_WaitOnTXEFlagUntilTimeout            0x08002c1d   Thumb Code    76  stm32f4xx_hal_i2c.o(i.I2C_WaitOnTXEFlagUntilTimeout)
    i.MPU6050_DeviceReset                    0x08002c68   Section        0  mpu6050.o(i.MPU6050_DeviceReset)
    i.MPU6050_GetAccelerometerRAW            0x08002cb4   Section        0  mpu6050.o(i.MPU6050_GetAccelerometerRAW)
    i.MPU6050_GetGyroscopeRAW                0x08002cf8   Section        0  mpu6050.o(i.MPU6050_GetGyroscopeRAW)
    i.MPU6050_GetGyroscopeScaled             0x08002d3c   Section        0  mpu6050.o(i.MPU6050_GetGyroscopeScaled)
    i.MPU6050_Init                           0x08002da0   Section        0  mpu6050.o(i.MPU6050_Init)
    i.MPU6050_SetClockSource                 0x08002dd4   Section        0  mpu6050.o(i.MPU6050_SetClockSource)
    i.MPU6050_SetDlpf                        0x08002e20   Section        0  mpu6050.o(i.MPU6050_SetDlpf)
    i.MPU6050_SetFullScaleAccelRange         0x08002e6c   Section        0  mpu6050.o(i.MPU6050_SetFullScaleAccelRange)
    i.MPU6050_SetFullScaleGyroRange          0x08002ef8   Section        0  mpu6050.o(i.MPU6050_SetFullScaleGyroRange)
    i.MPU6050_SetSleepEnabled                0x08002f84   Section        0  mpu6050.o(i.MPU6050_SetSleepEnabled)
    i.MX_GPIO_Init                           0x08002fd4   Section        0  main.o(i.MX_GPIO_Init)
    MX_GPIO_Init                             0x08002fd5   Thumb Code   218  main.o(i.MX_GPIO_Init)
    i.MX_SPI1_Init                           0x080030c0   Section        0  main.o(i.MX_SPI1_Init)
    MX_SPI1_Init                             0x080030c1   Thumb Code    44  main.o(i.MX_SPI1_Init)
    i.MX_TIM2_Init                           0x080030f4   Section        0  main.o(i.MX_TIM2_Init)
    MX_TIM2_Init                             0x080030f5   Thumb Code   118  main.o(i.MX_TIM2_Init)
    i.MX_TIM3_Init                           0x08003170   Section        0  main.o(i.MX_TIM3_Init)
    MX_TIM3_Init                             0x08003171   Thumb Code   116  main.o(i.MX_TIM3_Init)
    i.MX_TIM4_Init                           0x080031ec   Section        0  main.o(i.MX_TIM4_Init)
    MX_TIM4_Init                             0x080031ed   Thumb Code   116  main.o(i.MX_TIM4_Init)
    i.MemManage_Handler                      0x08003268   Section        0  stm32f4xx_it.o(i.MemManage_Handler)
    i.NMI_Handler                            0x0800326a   Section        0  stm32f4xx_it.o(i.NMI_Handler)
    i.PendSV_Handler                         0x0800326c   Section        0  stm32f4xx_it.o(i.PendSV_Handler)
    i.SVC_Handler                            0x0800326e   Section        0  stm32f4xx_it.o(i.SVC_Handler)
    i.SysTick_Handler                        0x08003270   Section        0  stm32f4xx_it.o(i.SysTick_Handler)
    i.SystemClock_Config                     0x08003274   Section        0  main.o(i.SystemClock_Config)
    i.SystemInit                             0x080032f8   Section        0  system_stm32f4xx.o(i.SystemInit)
    i.TIM1_TRG_COM_TIM11_IRQHandler          0x0800334c   Section        0  stm32f4xx_it.o(i.TIM1_TRG_COM_TIM11_IRQHandler)
    i.TIM1_UP_TIM10_IRQHandler               0x08003358   Section        0  stm32f4xx_it.o(i.TIM1_UP_TIM10_IRQHandler)
    i.TIM3_IRQHandler                        0x08003364   Section        0  stm32f4xx_it.o(i.TIM3_IRQHandler)
    i.TIM4_IRQHandler                        0x08003370   Section        0  stm32f4xx_it.o(i.TIM4_IRQHandler)
    i.TIM8_UP_TIM13_IRQHandler               0x0800337c   Section        0  stm32f4xx_it.o(i.TIM8_UP_TIM13_IRQHandler)
    i.TIM_Base_SetConfig                     0x08003388   Section        0  stm32f4xx_hal_tim.o(i.TIM_Base_SetConfig)
    i.TIM_CCxChannelCmd                      0x08003450   Section        0  stm32f4xx_hal_tim.o(i.TIM_CCxChannelCmd)
    i.TIM_ETR_SetConfig                      0x0800346a   Section        0  stm32f4xx_hal_tim.o(i.TIM_ETR_SetConfig)
    i.TIM_ITRx_SetConfig                     0x0800347e   Section        0  stm32f4xx_hal_tim.o(i.TIM_ITRx_SetConfig)
    TIM_ITRx_SetConfig                       0x0800347f   Thumb Code    16  stm32f4xx_hal_tim.o(i.TIM_ITRx_SetConfig)
    i.TIM_OC1_SetConfig                      0x08003490   Section        0  stm32f4xx_hal_tim.o(i.TIM_OC1_SetConfig)
    TIM_OC1_SetConfig                        0x08003491   Thumb Code    88  stm32f4xx_hal_tim.o(i.TIM_OC1_SetConfig)
    i.TIM_OC2_SetConfig                      0x080034f0   Section        0  stm32f4xx_hal_tim.o(i.TIM_OC2_SetConfig)
    i.TIM_OC3_SetConfig                      0x0800355c   Section        0  stm32f4xx_hal_tim.o(i.TIM_OC3_SetConfig)
    TIM_OC3_SetConfig                        0x0800355d   Thumb Code    96  stm32f4xx_hal_tim.o(i.TIM_OC3_SetConfig)
    i.TIM_OC4_SetConfig                      0x080035c4   Section        0  stm32f4xx_hal_tim.o(i.TIM_OC4_SetConfig)
    TIM_OC4_SetConfig                        0x080035c5   Thumb Code    70  stm32f4xx_hal_tim.o(i.TIM_OC4_SetConfig)
    i.TIM_TI1_ConfigInputStage               0x08003614   Section        0  stm32f4xx_hal_tim.o(i.TIM_TI1_ConfigInputStage)
    TIM_TI1_ConfigInputStage                 0x08003615   Thumb Code    34  stm32f4xx_hal_tim.o(i.TIM_TI1_ConfigInputStage)
    i.TIM_TI2_ConfigInputStage               0x08003636   Section        0  stm32f4xx_hal_tim.o(i.TIM_TI2_ConfigInputStage)
    TIM_TI2_ConfigInputStage                 0x08003637   Thumb Code    36  stm32f4xx_hal_tim.o(i.TIM_TI2_ConfigInputStage)
    i.UART_DMAAbortOnError                   0x0800365a   Section        0  stm32f4xx_hal_uart.o(i.UART_DMAAbortOnError)
    UART_DMAAbortOnError                     0x0800365b   Thumb Code    16  stm32f4xx_hal_uart.o(i.UART_DMAAbortOnError)
    i.UART_DMAError                          0x0800366a   Section        0  stm32f4xx_hal_uart.o(i.UART_DMAError)
    UART_DMAError                            0x0800366b   Thumb Code    74  stm32f4xx_hal_uart.o(i.UART_DMAError)
    i.UART_DMAReceiveCplt                    0x080036b4   Section        0  stm32f4xx_hal_uart.o(i.UART_DMAReceiveCplt)
    UART_DMAReceiveCplt                      0x080036b5   Thumb Code    60  stm32f4xx_hal_uart.o(i.UART_DMAReceiveCplt)
    i.UART_DMARxHalfCplt                     0x080036f0   Section        0  stm32f4xx_hal_uart.o(i.UART_DMARxHalfCplt)
    UART_DMARxHalfCplt                       0x080036f1   Thumb Code    10  stm32f4xx_hal_uart.o(i.UART_DMARxHalfCplt)
    i.UART_DMATransmitCplt                   0x080036fa   Section        0  stm32f4xx_hal_uart.o(i.UART_DMATransmitCplt)
    UART_DMATransmitCplt                     0x080036fb   Thumb Code    46  stm32f4xx_hal_uart.o(i.UART_DMATransmitCplt)
    i.UART_DMATxHalfCplt                     0x08003728   Section        0  stm32f4xx_hal_uart.o(i.UART_DMATxHalfCplt)
    UART_DMATxHalfCplt                       0x08003729   Thumb Code    10  stm32f4xx_hal_uart.o(i.UART_DMATxHalfCplt)
    i.UART_EndRxTransfer                     0x08003732   Section        0  stm32f4xx_hal_uart.o(i.UART_EndRxTransfer)
    UART_EndRxTransfer                       0x08003733   Thumb Code    28  stm32f4xx_hal_uart.o(i.UART_EndRxTransfer)
    i.UART_EndTxTransfer                     0x0800374e   Section        0  stm32f4xx_hal_uart.o(i.UART_EndTxTransfer)
    UART_EndTxTransfer                       0x0800374f   Thumb Code    18  stm32f4xx_hal_uart.o(i.UART_EndTxTransfer)
    i.UART_Receive_IT                        0x08003760   Section        0  stm32f4xx_hal_uart.o(i.UART_Receive_IT)
    UART_Receive_IT                          0x08003761   Thumb Code   150  stm32f4xx_hal_uart.o(i.UART_Receive_IT)
    i.UART_SetConfig                         0x080037f8   Section        0  stm32f4xx_hal_uart.o(i.UART_SetConfig)
    UART_SetConfig                           0x080037f9   Thumb Code   286  stm32f4xx_hal_uart.o(i.UART_SetConfig)
    i.UART_Transmit_IT                       0x08003920   Section        0  stm32f4xx_hal_uart.o(i.UART_Transmit_IT)
    UART_Transmit_IT                         0x08003921   Thumb Code    98  stm32f4xx_hal_uart.o(i.UART_Transmit_IT)
    i.USART1_IRQHandler                      0x08003984   Section        0  stm32f4xx_it.o(i.USART1_IRQHandler)
    i.UsageFault_Handler                     0x08003990   Section        0  stm32f4xx_it.o(i.UsageFault_Handler)
    i.__0sprintf                             0x08003994   Section        0  printfa.o(i.__0sprintf)
    i.__ARM_fpclassifyf                      0x080039bc   Section        0  fpclassifyf.o(i.__ARM_fpclassifyf)
    i.__NVIC_SetPriority                     0x080039e2   Section        0  stm32f4xx_hal_cortex.o(i.__NVIC_SetPriority)
    __NVIC_SetPriority                       0x080039e3   Thumb Code    32  stm32f4xx_hal_cortex.o(i.__NVIC_SetPriority)
    i.__aeabi_errno_addr                     0x08003a04   Section        0  errno.o(i.__aeabi_errno_addr)
    i.__hardfp_atan2f                        0x08003a0c   Section        0  atan2f.o(i.__hardfp_atan2f)
    i.__mathlib_flt_infnan2                  0x08003c5c   Section        0  funder.o(i.__mathlib_flt_infnan2)
    i.__mathlib_flt_underflow                0x08003c64   Section        0  funder.o(i.__mathlib_flt_underflow)
    i.__scatterload_copy                     0x08003c74   Section       14  handlers.o(i.__scatterload_copy)
    i.__scatterload_null                     0x08003c82   Section        2  handlers.o(i.__scatterload_null)
    i.__scatterload_zeroinit                 0x08003c84   Section       14  handlers.o(i.__scatterload_zeroinit)
    i._fp_digits                             0x08003c94   Section        0  printfa.o(i._fp_digits)
    _fp_digits                               0x08003c95   Thumb Code   366  printfa.o(i._fp_digits)
    i._printf_core                           0x08003e18   Section        0  printfa.o(i._printf_core)
    _printf_core                             0x08003e19   Thumb Code  1744  printfa.o(i._printf_core)
    i._printf_post_padding                   0x080044f4   Section        0  printfa.o(i._printf_post_padding)
    _printf_post_padding                     0x080044f5   Thumb Code    36  printfa.o(i._printf_post_padding)
    i._printf_pre_padding                    0x08004518   Section        0  printfa.o(i._printf_pre_padding)
    _printf_pre_padding                      0x08004519   Thumb Code    46  printfa.o(i._printf_pre_padding)
    i._sputc                                 0x08004546   Section        0  printfa.o(i._sputc)
    _sputc                                   0x08004547   Thumb Code    10  printfa.o(i._sputc)
    i.main                                   0x08004550   Section        0  main.o(i.main)
    .constdata                               0x080046cc   Section       16  system_stm32f4xx.o(.constdata)
    .constdata                               0x080046dc   Section        8  system_stm32f4xx.o(.constdata)
    .constdata                               0x080046e4   Section        8  stm32f4xx_hal_dma.o(.constdata)
    flagBitshiftOffset                       0x080046e4   Data           8  stm32f4xx_hal_dma.o(.constdata)
    .constdata                               0x080046ec   Section      129  ctype_o.o(.constdata)
    .constdata                               0x08004770   Section        4  ctype_o.o(.constdata)
    table                                    0x08004770   Data           4  ctype_o.o(.constdata)
    .data                                    0x20000000   Section       12  mpu6050.o(.data)
    .data                                    0x2000000c   Section       64  main.o(.data)
    .data                                    0x2000004c   Section        4  system_stm32f4xx.o(.data)
    .data                                    0x20000050   Section       12  stm32f4xx_hal.o(.data)
    .data                                    0x2000005c   Section        4  errno.o(.data)
    _errno                                   0x2000005c   Data           4  errno.o(.data)
    .bss                                     0x20000060   Section      660  main.o(.bss)
    send_data                                0x200002cc   Data          40  main.o(.bss)
    .bss                                     0x200002f4   Section       96  main.o(.bss)
    .bss                                     0x20000354   Section       96  main.o(.bss)
    STACK                                    0x200003b8   Section     1024  startup_stm32f407xx.o(STACK)

    Global Symbols

    Symbol Name                              Value     Ov Type        Size  Object(Section)

    BuildAttributes$$THM_ISAv4$E$P$D$K$B$S$7EM$VFPi3$EXTD16$VFPS$VFMA$PE$A:L22UL41UL21$X:L11$S22US41US21$IEEE1$IW$USESV6$~STKCKD$USESV7$~SHL$OTIME$ROPI$IEEEX$EBA8$MICROLIB$REQ8$PRES8$EABIv2 0x00000000   Number         0  anon$$obj.o ABSOLUTE
    __ARM_use_no_argv                        0x00000000   Number         0  main.o ABSOLUTE
    _printf_a                                0x00000000   Number         0  stubs.o ABSOLUTE
    _printf_c                                0x00000000   Number         0  stubs.o ABSOLUTE
    _printf_charcount                        0x00000000   Number         0  stubs.o ABSOLUTE
    _printf_d                                0x00000000   Number         0  stubs.o ABSOLUTE
    _printf_e                                0x00000000   Number         0  stubs.o ABSOLUTE
    _printf_f                                0x00000000   Number         0  stubs.o ABSOLUTE
    _printf_flags                            0x00000000   Number         0  stubs.o ABSOLUTE
    _printf_fp_dec                           0x00000000   Number         0  stubs.o ABSOLUTE
    _printf_fp_hex                           0x00000000   Number         0  stubs.o ABSOLUTE
    _printf_g                                0x00000000   Number         0  stubs.o ABSOLUTE
    _printf_i                                0x00000000   Number         0  stubs.o ABSOLUTE
    _printf_int_dec                          0x00000000   Number         0  stubs.o ABSOLUTE
    _printf_l                                0x00000000   Number         0  stubs.o ABSOLUTE
    _printf_lc                               0x00000000   Number         0  stubs.o ABSOLUTE
    _printf_ll                               0x00000000   Number         0  stubs.o ABSOLUTE
    _printf_lld                              0x00000000   Number         0  stubs.o ABSOLUTE
    _printf_lli                              0x00000000   Number         0  stubs.o ABSOLUTE
    _printf_llo                              0x00000000   Number         0  stubs.o ABSOLUTE
    _printf_llu                              0x00000000   Number         0  stubs.o ABSOLUTE
    _printf_llx                              0x00000000   Number         0  stubs.o ABSOLUTE
    _printf_longlong_dec                     0x00000000   Number         0  stubs.o ABSOLUTE
    _printf_longlong_hex                     0x00000000   Number         0  stubs.o ABSOLUTE
    _printf_longlong_oct                     0x00000000   Number         0  stubs.o ABSOLUTE
    _printf_ls                               0x00000000   Number         0  stubs.o ABSOLUTE
    _printf_mbtowc                           0x00000000   Number         0  stubs.o ABSOLUTE
    _printf_n                                0x00000000   Number         0  stubs.o ABSOLUTE
    _printf_o                                0x00000000   Number         0  stubs.o ABSOLUTE
    _printf_p                                0x00000000   Number         0  stubs.o ABSOLUTE
    _printf_percent                          0x00000000   Number         0  stubs.o ABSOLUTE
    _printf_pre_padding                      0x00000000   Number         0  stubs.o ABSOLUTE
    _printf_return_value                     0x00000000   Number         0  stubs.o ABSOLUTE
    _printf_s                                0x00000000   Number         0  stubs.o ABSOLUTE
    _printf_sizespec                         0x00000000   Number         0  stubs.o ABSOLUTE
    _printf_str                              0x00000000   Number         0  stubs.o ABSOLUTE
    _printf_truncate_signed                  0x00000000   Number         0  stubs.o ABSOLUTE
    _printf_truncate_unsigned                0x00000000   Number         0  stubs.o ABSOLUTE
    _printf_u                                0x00000000   Number         0  stubs.o ABSOLUTE
    _printf_wc                               0x00000000   Number         0  stubs.o ABSOLUTE
    _printf_wctomb                           0x00000000   Number         0  stubs.o ABSOLUTE
    _printf_widthprec                        0x00000000   Number         0  stubs.o ABSOLUTE
    _printf_x                                0x00000000   Number         0  stubs.o ABSOLUTE
    __cpp_initialize__aeabi_                  - Undefined Weak Reference
    __cxa_finalize                            - Undefined Weak Reference
    __decompress                              - Undefined Weak Reference
    _clock_init                               - Undefined Weak Reference
    _microlib_exit                            - Undefined Weak Reference
    __Vectors_Size                           0x00000188   Number         0  startup_stm32f407xx.o ABSOLUTE
    __Vectors                                0x08000000   Data           4  startup_stm32f407xx.o(RESET)
    __Vectors_End                            0x08000188   Data           0  startup_stm32f407xx.o(RESET)
    __main                                   0x08000189   Thumb Code     0  entry.o(.ARM.Collect$$$$00000000)
    _main_stk                                0x08000189   Thumb Code     0  entry2.o(.ARM.Collect$$$$00000001)
    _main_scatterload                        0x0800018d   Thumb Code     0  entry5.o(.ARM.Collect$$$$00000004)
    __main_after_scatterload                 0x08000191   Thumb Code     0  entry5.o(.ARM.Collect$$$$00000004)
    _main_clock                              0x08000191   Thumb Code     0  entry7b.o(.ARM.Collect$$$$00000008)
    _main_cpp_init                           0x08000191   Thumb Code     0  entry8b.o(.ARM.Collect$$$$0000000A)
    _main_init                               0x08000191   Thumb Code     0  entry9a.o(.ARM.Collect$$$$0000000B)
    __rt_final_cpp                           0x08000199   Thumb Code     0  entry10a.o(.ARM.Collect$$$$0000000D)
    __rt_final_exit                          0x08000199   Thumb Code     0  entry11a.o(.ARM.Collect$$$$0000000F)
    Reset_Handler                            0x0800019d   Thumb Code     8  startup_stm32f407xx.o(.text)
    ADC_IRQHandler                           0x080001b7   Thumb Code     0  startup_stm32f407xx.o(.text)
    CAN1_RX0_IRQHandler                      0x080001b7   Thumb Code     0  startup_stm32f407xx.o(.text)
    CAN1_RX1_IRQHandler                      0x080001b7   Thumb Code     0  startup_stm32f407xx.o(.text)
    CAN1_SCE_IRQHandler                      0x080001b7   Thumb Code     0  startup_stm32f407xx.o(.text)
    CAN1_TX_IRQHandler                       0x080001b7   Thumb Code     0  startup_stm32f407xx.o(.text)
    CAN2_RX0_IRQHandler                      0x080001b7   Thumb Code     0  startup_stm32f407xx.o(.text)
    CAN2_RX1_IRQHandler                      0x080001b7   Thumb Code     0  startup_stm32f407xx.o(.text)
    CAN2_SCE_IRQHandler                      0x080001b7   Thumb Code     0  startup_stm32f407xx.o(.text)
    CAN2_TX_IRQHandler                       0x080001b7   Thumb Code     0  startup_stm32f407xx.o(.text)
    DCMI_IRQHandler                          0x080001b7   Thumb Code     0  startup_stm32f407xx.o(.text)
    DMA1_Stream0_IRQHandler                  0x080001b7   Thumb Code     0  startup_stm32f407xx.o(.text)
    DMA1_Stream1_IRQHandler                  0x080001b7   Thumb Code     0  startup_stm32f407xx.o(.text)
    DMA1_Stream2_IRQHandler                  0x080001b7   Thumb Code     0  startup_stm32f407xx.o(.text)
    DMA1_Stream3_IRQHandler                  0x080001b7   Thumb Code     0  startup_stm32f407xx.o(.text)
    DMA1_Stream4_IRQHandler                  0x080001b7   Thumb Code     0  startup_stm32f407xx.o(.text)
    DMA1_Stream5_IRQHandler                  0x080001b7   Thumb Code     0  startup_stm32f407xx.o(.text)
    DMA1_Stream6_IRQHandler                  0x080001b7   Thumb Code     0  startup_stm32f407xx.o(.text)
    DMA1_Stream7_IRQHandler                  0x080001b7   Thumb Code     0  startup_stm32f407xx.o(.text)
    DMA2_Stream0_IRQHandler                  0x080001b7   Thumb Code     0  startup_stm32f407xx.o(.text)
    DMA2_Stream1_IRQHandler                  0x080001b7   Thumb Code     0  startup_stm32f407xx.o(.text)
    DMA2_Stream3_IRQHandler                  0x080001b7   Thumb Code     0  startup_stm32f407xx.o(.text)
    DMA2_Stream4_IRQHandler                  0x080001b7   Thumb Code     0  startup_stm32f407xx.o(.text)
    DMA2_Stream5_IRQHandler                  0x080001b7   Thumb Code     0  startup_stm32f407xx.o(.text)
    DMA2_Stream6_IRQHandler                  0x080001b7   Thumb Code     0  startup_stm32f407xx.o(.text)
    ETH_IRQHandler                           0x080001b7   Thumb Code     0  startup_stm32f407xx.o(.text)
    ETH_WKUP_IRQHandler                      0x080001b7   Thumb Code     0  startup_stm32f407xx.o(.text)
    EXTI0_IRQHandler                         0x080001b7   Thumb Code     0  startup_stm32f407xx.o(.text)
    EXTI15_10_IRQHandler                     0x080001b7   Thumb Code     0  startup_stm32f407xx.o(.text)
    EXTI1_IRQHandler                         0x080001b7   Thumb Code     0  startup_stm32f407xx.o(.text)
    EXTI2_IRQHandler                         0x080001b7   Thumb Code     0  startup_stm32f407xx.o(.text)
    EXTI3_IRQHandler                         0x080001b7   Thumb Code     0  startup_stm32f407xx.o(.text)
    EXTI4_IRQHandler                         0x080001b7   Thumb Code     0  startup_stm32f407xx.o(.text)
    EXTI9_5_IRQHandler                       0x080001b7   Thumb Code     0  startup_stm32f407xx.o(.text)
    FLASH_IRQHandler                         0x080001b7   Thumb Code     0  startup_stm32f407xx.o(.text)
    FMC_IRQHandler                           0x080001b7   Thumb Code     0  startup_stm32f407xx.o(.text)
    FPU_IRQHandler                           0x080001b7   Thumb Code     0  startup_stm32f407xx.o(.text)
    HASH_RNG_IRQHandler                      0x080001b7   Thumb Code     0  startup_stm32f407xx.o(.text)
    I2C1_ER_IRQHandler                       0x080001b7   Thumb Code     0  startup_stm32f407xx.o(.text)
    I2C1_EV_IRQHandler                       0x080001b7   Thumb Code     0  startup_stm32f407xx.o(.text)
    I2C2_ER_IRQHandler                       0x080001b7   Thumb Code     0  startup_stm32f407xx.o(.text)
    I2C2_EV_IRQHandler                       0x080001b7   Thumb Code     0  startup_stm32f407xx.o(.text)
    I2C3_ER_IRQHandler                       0x080001b7   Thumb Code     0  startup_stm32f407xx.o(.text)
    I2C3_EV_IRQHandler                       0x080001b7   Thumb Code     0  startup_stm32f407xx.o(.text)
    OTG_FS_IRQHandler                        0x080001b7   Thumb Code     0  startup_stm32f407xx.o(.text)
    OTG_FS_WKUP_IRQHandler                   0x080001b7   Thumb Code     0  startup_stm32f407xx.o(.text)
    OTG_HS_EP1_IN_IRQHandler                 0x080001b7   Thumb Code     0  startup_stm32f407xx.o(.text)
    OTG_HS_EP1_OUT_IRQHandler                0x080001b7   Thumb Code     0  startup_stm32f407xx.o(.text)
    OTG_HS_IRQHandler                        0x080001b7   Thumb Code     0  startup_stm32f407xx.o(.text)
    OTG_HS_WKUP_IRQHandler                   0x080001b7   Thumb Code     0  startup_stm32f407xx.o(.text)
    PVD_IRQHandler                           0x080001b7   Thumb Code     0  startup_stm32f407xx.o(.text)
    RCC_IRQHandler                           0x080001b7   Thumb Code     0  startup_stm32f407xx.o(.text)
    RTC_Alarm_IRQHandler                     0x080001b7   Thumb Code     0  startup_stm32f407xx.o(.text)
    RTC_WKUP_IRQHandler                      0x080001b7   Thumb Code     0  startup_stm32f407xx.o(.text)
    SDIO_IRQHandler                          0x080001b7   Thumb Code     0  startup_stm32f407xx.o(.text)
    SPI1_IRQHandler                          0x080001b7   Thumb Code     0  startup_stm32f407xx.o(.text)
    SPI2_IRQHandler                          0x080001b7   Thumb Code     0  startup_stm32f407xx.o(.text)
    SPI3_IRQHandler                          0x080001b7   Thumb Code     0  startup_stm32f407xx.o(.text)
    TAMP_STAMP_IRQHandler                    0x080001b7   Thumb Code     0  startup_stm32f407xx.o(.text)
    TIM1_BRK_TIM9_IRQHandler                 0x080001b7   Thumb Code     0  startup_stm32f407xx.o(.text)
    TIM1_CC_IRQHandler                       0x080001b7   Thumb Code     0  startup_stm32f407xx.o(.text)
    TIM2_IRQHandler                          0x080001b7   Thumb Code     0  startup_stm32f407xx.o(.text)
    TIM5_IRQHandler                          0x080001b7   Thumb Code     0  startup_stm32f407xx.o(.text)
    TIM6_DAC_IRQHandler                      0x080001b7   Thumb Code     0  startup_stm32f407xx.o(.text)
    TIM7_IRQHandler                          0x080001b7   Thumb Code     0  startup_stm32f407xx.o(.text)
    TIM8_BRK_TIM12_IRQHandler                0x080001b7   Thumb Code     0  startup_stm32f407xx.o(.text)
    TIM8_CC_IRQHandler                       0x080001b7   Thumb Code     0  startup_stm32f407xx.o(.text)
    TIM8_TRG_COM_TIM14_IRQHandler            0x080001b7   Thumb Code     0  startup_stm32f407xx.o(.text)
    UART4_IRQHandler                         0x080001b7   Thumb Code     0  startup_stm32f407xx.o(.text)
    UART5_IRQHandler                         0x080001b7   Thumb Code     0  startup_stm32f407xx.o(.text)
    USART2_IRQHandler                        0x080001b7   Thumb Code     0  startup_stm32f407xx.o(.text)
    USART3_IRQHandler                        0x080001b7   Thumb Code     0  startup_stm32f407xx.o(.text)
    USART6_IRQHandler                        0x080001b7   Thumb Code     0  startup_stm32f407xx.o(.text)
    WWDG_IRQHandler                          0x080001b7   Thumb Code     0  startup_stm32f407xx.o(.text)
    __aeabi_uldivmod                         0x080001c1   Thumb Code    98  uldiv.o(.text)
    __aeabi_memset                           0x08000223   Thumb Code    14  memseta.o(.text)
    __aeabi_memset4                          0x08000223   Thumb Code     0  memseta.o(.text)
    __aeabi_memset8                          0x08000223   Thumb Code     0  memseta.o(.text)
    __aeabi_memclr                           0x08000231   Thumb Code     4  memseta.o(.text)
    __aeabi_memclr4                          0x08000231   Thumb Code     0  memseta.o(.text)
    __aeabi_memclr8                          0x08000231   Thumb Code     0  memseta.o(.text)
    _memset$wrapper                          0x08000235   Thumb Code    18  memseta.o(.text)
    atoi                                     0x08000247   Thumb Code    26  atoi.o(.text)
    __aeabi_dadd                             0x08000261   Thumb Code   322  dadd.o(.text)
    __aeabi_dsub                             0x080003a3   Thumb Code     6  dadd.o(.text)
    __aeabi_drsub                            0x080003a9   Thumb Code     6  dadd.o(.text)
    __aeabi_dmul                             0x080003af   Thumb Code   228  dmul.o(.text)
    __aeabi_ddiv                             0x08000493   Thumb Code   222  ddiv.o(.text)
    __aeabi_f2d                              0x08000571   Thumb Code    38  f2d.o(.text)
    __aeabi_d2f                              0x08000597   Thumb Code    56  d2f.o(.text)
    __aeabi_uidiv                            0x080005cf   Thumb Code     0  uidiv.o(.text)
    __aeabi_uidivmod                         0x080005cf   Thumb Code    44  uidiv.o(.text)
    __aeabi_llsl                             0x080005fb   Thumb Code    30  llshl.o(.text)
    _ll_shift_l                              0x080005fb   Thumb Code     0  llshl.o(.text)
    __aeabi_llsr                             0x08000619   Thumb Code    32  llushr.o(.text)
    _ll_ushift_r                             0x08000619   Thumb Code     0  llushr.o(.text)
    __aeabi_lasr                             0x08000639   Thumb Code    36  llsshr.o(.text)
    _ll_sshift_r                             0x08000639   Thumb Code     0  llsshr.o(.text)
    strtol                                   0x0800065d   Thumb Code   112  strtol.o(.text)
    __I$use$fp                               0x080006cd   Thumb Code     0  iusefp.o(.text)
    _float_round                             0x080006cd   Thumb Code    18  fepilogue.o(.text)
    _float_epilogue                          0x080006df   Thumb Code    92  fepilogue.o(.text)
    _double_round                            0x0800073b   Thumb Code    30  depilogue.o(.text)
    _double_epilogue                         0x08000759   Thumb Code   156  depilogue.o(.text)
    __aeabi_d2ulz                            0x080007f5   Thumb Code    48  dfixul.o(.text)
    __aeabi_cdrcmple                         0x08000825   Thumb Code    48  cdrcmple.o(.text)
    __scatterload                            0x08000855   Thumb Code    28  init.o(.text)
    __scatterload_rt2                        0x08000855   Thumb Code     0  init.o(.text)
    __rt_ctype_table                         0x08000879   Thumb Code     4  ctype_o.o(.text)
    _strtoul                                 0x08000881   Thumb Code   158  _strtoul.o(.text)
    _chval                                   0x0800091f   Thumb Code    28  _chval.o(.text)
    BusFault_Handler                         0x0800093b   Thumb Code     2  stm32f4xx_it.o(i.BusFault_Handler)
    ComplementaryFilter                      0x0800093d   Thumb Code   324  mpu6050.o(i.ComplementaryFilter)
    DMA2_Stream2_IRQHandler                  0x08000aa1   Thumb Code     6  stm32f4xx_it.o(i.DMA2_Stream2_IRQHandler)
    DMA2_Stream7_IRQHandler                  0x08000aad   Thumb Code     6  stm32f4xx_it.o(i.DMA2_Stream7_IRQHandler)
    DebugMon_Handler                         0x08000b5d   Thumb Code     2  stm32f4xx_it.o(i.DebugMon_Handler)
    Error_Handler                            0x08000b5f   Thumb Code     2  main.o(i.Error_Handler)
    HAL_DMA_Abort_IT                         0x08000b61   Thumb Code    36  stm32f4xx_hal_dma.o(i.HAL_DMA_Abort_IT)
    HAL_DMA_IRQHandler                       0x08000b85   Thumb Code   412  stm32f4xx_hal_dma.o(i.HAL_DMA_IRQHandler)
    HAL_DMA_Init                             0x08000d25   Thumb Code   206  stm32f4xx_hal_dma.o(i.HAL_DMA_Init)
    HAL_DMA_Start_IT                         0x08000df9   Thumb Code   110  stm32f4xx_hal_dma.o(i.HAL_DMA_Start_IT)
    HAL_GPIO_Init                            0x08000e69   Thumb Code   394  stm32f4xx_hal_gpio.o(i.HAL_GPIO_Init)
    HAL_GPIO_TogglePin                       0x08001021   Thumb Code    14  stm32f4xx_hal_gpio.o(i.HAL_GPIO_TogglePin)
    HAL_GPIO_WritePin                        0x0800102f   Thumb Code    10  stm32f4xx_hal_gpio.o(i.HAL_GPIO_WritePin)
    HAL_GetTick                              0x08001039   Thumb Code     6  stm32f4xx_hal.o(i.HAL_GetTick)
    HAL_I2C_Init                             0x08001045   Thumb Code   376  stm32f4xx_hal_i2c.o(i.HAL_I2C_Init)
    HAL_I2C_Mem_Read                         0x080011cd   Thumb Code   490  stm32f4xx_hal_i2c.o(i.HAL_I2C_Mem_Read)
    HAL_I2C_Mem_Write                        0x080013c5   Thumb Code   294  stm32f4xx_hal_i2c.o(i.HAL_I2C_Mem_Write)
    HAL_I2C_MspInit                          0x080014f5   Thumb Code    94  stm32f4xx_hal_msp.o(i.HAL_I2C_MspInit)
    HAL_IncTick                              0x08001561   Thumb Code    12  stm32f4xx_hal.o(i.HAL_IncTick)
    HAL_Init                                 0x08001571   Thumb Code    48  stm32f4xx_hal.o(i.HAL_Init)
    HAL_InitTick                             0x080015a5   Thumb Code    54  stm32f4xx_hal.o(i.HAL_InitTick)
    HAL_MspInit                              0x080015e5   Thumb Code    48  stm32f4xx_hal_msp.o(i.HAL_MspInit)
    HAL_NVIC_EnableIRQ                       0x08001619   Thumb Code    26  stm32f4xx_hal_cortex.o(i.HAL_NVIC_EnableIRQ)
    HAL_NVIC_SetPriority                     0x08001635   Thumb Code    60  stm32f4xx_hal_cortex.o(i.HAL_NVIC_SetPriority)
    HAL_NVIC_SetPriorityGrouping             0x08001675   Thumb Code    26  stm32f4xx_hal_cortex.o(i.HAL_NVIC_SetPriorityGrouping)
    HAL_RCC_ClockConfig                      0x08001699   Thumb Code   288  stm32f4xx_hal_rcc.o(i.HAL_RCC_ClockConfig)
    HAL_RCC_GetPCLK1Freq                     0x080017cd   Thumb Code    20  stm32f4xx_hal_rcc.o(i.HAL_RCC_GetPCLK1Freq)
    HAL_RCC_GetPCLK2Freq                     0x080017ed   Thumb Code    20  stm32f4xx_hal_rcc.o(i.HAL_RCC_GetPCLK2Freq)
    HAL_RCC_GetSysClockFreq                  0x0800180d   Thumb Code    88  stm32f4xx_hal_rcc.o(i.HAL_RCC_GetSysClockFreq)
    HAL_RCC_OscConfig                        0x0800186d   Thumb Code   840  stm32f4xx_hal_rcc.o(i.HAL_RCC_OscConfig)
    HAL_SPI_Init                             0x08001bc9   Thumb Code   128  stm32f4xx_hal_spi.o(i.HAL_SPI_Init)
    HAL_SPI_MspInit                          0x08001c49   Thumb Code    92  stm32f4xx_hal_msp.o(i.HAL_SPI_MspInit)
    HAL_SYSTICK_Config                       0x08001cb1   Thumb Code    40  stm32f4xx_hal_cortex.o(i.HAL_SYSTICK_Config)
    HAL_TIMEx_BreakCallback                  0x08001cd9   Thumb Code     2  stm32f4xx_hal_tim_ex.o(i.HAL_TIMEx_BreakCallback)
    HAL_TIMEx_CommutCallback                 0x08001cdb   Thumb Code     2  stm32f4xx_hal_tim_ex.o(i.HAL_TIMEx_CommutCallback)
    HAL_TIMEx_MasterConfigSynchronization    0x08001cdd   Thumb Code   116  stm32f4xx_hal_tim_ex.o(i.HAL_TIMEx_MasterConfigSynchronization)
    HAL_TIM_Base_Init                        0x08001d6d   Thumb Code    54  stm32f4xx_hal_tim.o(i.HAL_TIM_Base_Init)
    HAL_TIM_Base_MspInit                     0x08001da5   Thumb Code   220  stm32f4xx_hal_msp.o(i.HAL_TIM_Base_MspInit)
    HAL_TIM_Base_Start_IT                    0x08001e99   Thumb Code    34  stm32f4xx_hal_tim.o(i.HAL_TIM_Base_Start_IT)
    HAL_TIM_ConfigClockSource                0x08001ebb   Thumb Code   214  stm32f4xx_hal_tim.o(i.HAL_TIM_ConfigClockSource)
    HAL_TIM_IC_CaptureCallback               0x08001f91   Thumb Code     2  stm32f4xx_hal_tim.o(i.HAL_TIM_IC_CaptureCallback)
    HAL_TIM_IRQHandler                       0x08001f93   Thumb Code   358  stm32f4xx_hal_tim.o(i.HAL_TIM_IRQHandler)
    HAL_TIM_MspPostInit                      0x080020f9   Thumb Code   150  stm32f4xx_hal_msp.o(i.HAL_TIM_MspPostInit)
    HAL_TIM_OC_DelayElapsedCallback          0x080021a9   Thumb Code     2  stm32f4xx_hal_tim.o(i.HAL_TIM_OC_DelayElapsedCallback)
    HAL_TIM_PWM_ConfigChannel                0x080021ab   Thumb Code   208  stm32f4xx_hal_tim.o(i.HAL_TIM_PWM_ConfigChannel)
    HAL_TIM_PWM_Init                         0x0800227b   Thumb Code    54  stm32f4xx_hal_tim.o(i.HAL_TIM_PWM_Init)
    HAL_TIM_PWM_MspInit                      0x080022b1   Thumb Code     2  stm32f4xx_hal_tim.o(i.HAL_TIM_PWM_MspInit)
    HAL_TIM_PWM_PulseFinishedCallback        0x080022b3   Thumb Code     2  stm32f4xx_hal_tim.o(i.HAL_TIM_PWM_PulseFinishedCallback)
    HAL_TIM_PWM_Start                        0x080022b5   Thumb Code    58  stm32f4xx_hal_tim.o(i.HAL_TIM_PWM_Start)
    HAL_TIM_PeriodElapsedCallback            0x080022f9   Thumb Code   282  main.o(i.HAL_TIM_PeriodElapsedCallback)
    HAL_TIM_TriggerCallback                  0x08002459   Thumb Code     2  stm32f4xx_hal_tim.o(i.HAL_TIM_TriggerCallback)
    HAL_UART_ErrorCallback                   0x0800245b   Thumb Code     2  stm32f4xx_hal_uart.o(i.HAL_UART_ErrorCallback)
    HAL_UART_IRQHandler                      0x0800245d   Thumb Code   270  stm32f4xx_hal_uart.o(i.HAL_UART_IRQHandler)
    HAL_UART_Init                            0x08002571   Thumb Code    98  stm32f4xx_hal_uart.o(i.HAL_UART_Init)
    HAL_UART_MspInit                         0x080025d5   Thumb Code   204  stm32f4xx_hal_msp.o(i.HAL_UART_MspInit)
    HAL_UART_Receive_DMA                     0x080026b9   Thumb Code   138  stm32f4xx_hal_uart.o(i.HAL_UART_Receive_DMA)
    HAL_UART_RxCpltCallback                  0x08002751   Thumb Code   174  main.o(i.HAL_UART_RxCpltCallback)
    HAL_UART_RxHalfCpltCallback              0x08002811   Thumb Code     2  stm32f4xx_hal_uart.o(i.HAL_UART_RxHalfCpltCallback)
    HAL_UART_Transmit_DMA                    0x08002815   Thumb Code   114  stm32f4xx_hal_uart.o(i.HAL_UART_Transmit_DMA)
    HAL_UART_TxCpltCallback                  0x08002895   Thumb Code     2  stm32f4xx_hal_uart.o(i.HAL_UART_TxCpltCallback)
    HAL_UART_TxHalfCpltCallback              0x08002897   Thumb Code     2  stm32f4xx_hal_uart.o(i.HAL_UART_TxHalfCpltCallback)
    HardFault_Handler                        0x08002899   Thumb Code     2  stm32f4xx_it.o(i.HardFault_Handler)
    MPU6050_DeviceReset                      0x08002c69   Thumb Code    70  mpu6050.o(i.MPU6050_DeviceReset)
    MPU6050_GetAccelerometerRAW              0x08002cb5   Thumb Code    62  mpu6050.o(i.MPU6050_GetAccelerometerRAW)
    MPU6050_GetGyroscopeRAW                  0x08002cf9   Thumb Code    62  mpu6050.o(i.MPU6050_GetGyroscopeRAW)
    MPU6050_GetGyroscopeScaled               0x08002d3d   Thumb Code    94  mpu6050.o(i.MPU6050_GetGyroscopeScaled)
    MPU6050_Init                             0x08002da1   Thumb Code    46  mpu6050.o(i.MPU6050_Init)
    MPU6050_SetClockSource                   0x08002dd5   Thumb Code    72  mpu6050.o(i.MPU6050_SetClockSource)
    MPU6050_SetDlpf                          0x08002e21   Thumb Code    72  mpu6050.o(i.MPU6050_SetDlpf)
    MPU6050_SetFullScaleAccelRange           0x08002e6d   Thumb Code   118  mpu6050.o(i.MPU6050_SetFullScaleAccelRange)
    MPU6050_SetFullScaleGyroRange            0x08002ef9   Thumb Code   118  mpu6050.o(i.MPU6050_SetFullScaleGyroRange)
    MPU6050_SetSleepEnabled                  0x08002f85   Thumb Code    74  mpu6050.o(i.MPU6050_SetSleepEnabled)
    MemManage_Handler                        0x08003269   Thumb Code     2  stm32f4xx_it.o(i.MemManage_Handler)
    NMI_Handler                              0x0800326b   Thumb Code     2  stm32f4xx_it.o(i.NMI_Handler)
    PendSV_Handler                           0x0800326d   Thumb Code     2  stm32f4xx_it.o(i.PendSV_Handler)
    SVC_Handler                              0x0800326f   Thumb Code     2  stm32f4xx_it.o(i.SVC_Handler)
    SysTick_Handler                          0x08003271   Thumb Code     4  stm32f4xx_it.o(i.SysTick_Handler)
    SystemClock_Config                       0x08003275   Thumb Code   124  main.o(i.SystemClock_Config)
    SystemInit                               0x080032f9   Thumb Code    66  system_stm32f4xx.o(i.SystemInit)
    TIM1_TRG_COM_TIM11_IRQHandler            0x0800334d   Thumb Code     6  stm32f4xx_it.o(i.TIM1_TRG_COM_TIM11_IRQHandler)
    TIM1_UP_TIM10_IRQHandler                 0x08003359   Thumb Code     6  stm32f4xx_it.o(i.TIM1_UP_TIM10_IRQHandler)
    TIM3_IRQHandler                          0x08003365   Thumb Code     6  stm32f4xx_it.o(i.TIM3_IRQHandler)
    TIM4_IRQHandler                          0x08003371   Thumb Code     6  stm32f4xx_it.o(i.TIM4_IRQHandler)
    TIM8_UP_TIM13_IRQHandler                 0x0800337d   Thumb Code     6  stm32f4xx_it.o(i.TIM8_UP_TIM13_IRQHandler)
    TIM_Base_SetConfig                       0x08003389   Thumb Code   156  stm32f4xx_hal_tim.o(i.TIM_Base_SetConfig)
    TIM_CCxChannelCmd                        0x08003451   Thumb Code    26  stm32f4xx_hal_tim.o(i.TIM_CCxChannelCmd)
    TIM_ETR_SetConfig                        0x0800346b   Thumb Code    20  stm32f4xx_hal_tim.o(i.TIM_ETR_SetConfig)
    TIM_OC2_SetConfig                        0x080034f1   Thumb Code    98  stm32f4xx_hal_tim.o(i.TIM_OC2_SetConfig)
    USART1_IRQHandler                        0x08003985   Thumb Code     6  stm32f4xx_it.o(i.USART1_IRQHandler)
    UsageFault_Handler                       0x08003991   Thumb Code     2  stm32f4xx_it.o(i.UsageFault_Handler)
    __0sprintf                               0x08003995   Thumb Code    34  printfa.o(i.__0sprintf)
    __1sprintf                               0x08003995   Thumb Code     0  printfa.o(i.__0sprintf)
    __2sprintf                               0x08003995   Thumb Code     0  printfa.o(i.__0sprintf)
    __c89sprintf                             0x08003995   Thumb Code     0  printfa.o(i.__0sprintf)
    sprintf                                  0x08003995   Thumb Code     0  printfa.o(i.__0sprintf)
    __ARM_fpclassifyf                        0x080039bd   Thumb Code    38  fpclassifyf.o(i.__ARM_fpclassifyf)
    __aeabi_errno_addr                       0x08003a05   Thumb Code     4  errno.o(i.__aeabi_errno_addr)
    __rt_errno_addr                          0x08003a05   Thumb Code     0  errno.o(i.__aeabi_errno_addr)
    __hardfp_atan2f                          0x08003a0d   Thumb Code   502  atan2f.o(i.__hardfp_atan2f)
    __mathlib_flt_infnan2                    0x08003c5d   Thumb Code     6  funder.o(i.__mathlib_flt_infnan2)
    __mathlib_flt_underflow                  0x08003c65   Thumb Code    10  funder.o(i.__mathlib_flt_underflow)
    __scatterload_copy                       0x08003c75   Thumb Code    14  handlers.o(i.__scatterload_copy)
    __scatterload_null                       0x08003c83   Thumb Code     2  handlers.o(i.__scatterload_null)
    __scatterload_zeroinit                   0x08003c85   Thumb Code    14  handlers.o(i.__scatterload_zeroinit)
    main                                     0x08004551   Thumb Code   328  main.o(i.main)
    AHBPrescTable                            0x080046cc   Data          16  system_stm32f4xx.o(.constdata)
    APBPrescTable                            0x080046dc   Data           8  system_stm32f4xx.o(.constdata)
    __ctype_table                            0x080046ec   Data         129  ctype_o.o(.constdata)
    Region$$Table$$Base                      0x08004774   Number         0  anon$$obj.o(Region$$Table)
    Region$$Table$$Limit                     0x08004794   Number         0  anon$$obj.o(Region$$Table)
    i2c                                      0x20000000   Data           4  mpu6050.o(.data)
    Acc_Scale                                0x20000004   Data           4  mpu6050.o(.data)
    Gyr_Scale                                0x20000008   Data           4  mpu6050.o(.data)
    controller_type                          0x2000000c   Data           1  main.o(.data)
    size                                     0x2000000e   Data           2  main.o(.data)
    sphereRoll_SetPoint                      0x20000010   Data           4  main.o(.data)
    roll_error                               0x20000014   Data           4  main.o(.data)
    prev_roll_error                          0x20000018   Data           4  main.o(.data)
    prev_prev_roll_error                     0x2000001c   Data           4  main.o(.data)
    control                                  0x20000020   Data           4  main.o(.data)
    prev_control                             0x20000024   Data           4  main.o(.data)
    prev_prev_control                        0x20000028   Data           4  main.o(.data)
    wspE                                     0x2000002c   Data           4  main.o(.data)
    wspE1                                    0x20000030   Data           4  main.o(.data)
    wspE2                                    0x20000034   Data           4  main.o(.data)
    wspU1                                    0x20000038   Data           4  main.o(.data)
    wspU2                                    0x2000003c   Data           4  main.o(.data)
    received_data                            0x20000040   Data           4  main.o(.data)
    pitch_comp                               0x20000044   Data           4  main.o(.data)
    roll_comp                                0x20000048   Data           4  main.o(.data)
    SystemCoreClock                          0x2000004c   Data           4  system_stm32f4xx.o(.data)
    uwTickFreq                               0x20000050   Data           1  stm32f4xx_hal.o(.data)
    uwTickPrio                               0x20000054   Data           4  stm32f4xx_hal.o(.data)
    uwTick                                   0x20000058   Data           4  stm32f4xx_hal.o(.data)
    hi2c1                                    0x20000060   Data          84  main.o(.bss)
    hspi1                                    0x200000b4   Data          88  main.o(.bss)
    htim2                                    0x2000010c   Data          64  main.o(.bss)
    htim3                                    0x2000014c   Data          64  main.o(.bss)
    htim4                                    0x2000018c   Data          64  main.o(.bss)
    htim10                                   0x200001cc   Data          64  main.o(.bss)
    htim11                                   0x2000020c   Data          64  main.o(.bss)
    htim13                                   0x2000024c   Data          64  main.o(.bss)
    huart1                                   0x2000028c   Data          64  main.o(.bss)
    hdma_usart1_tx                           0x200002f4   Data          96  main.o(.bss)
    hdma_usart1_rx                           0x20000354   Data          96  main.o(.bss)
    __initial_sp                             0x200007b8   Data           0  startup_stm32f407xx.o(STACK)



==============================================================================

Memory Map of the image

  Image Entry point : 0x08000189

  Load Region LR_IROM1 (Base: 0x08000000, Size: 0x000047f4, Max: 0x00100000, ABSOLUTE)

    Execution Region ER_IROM1 (Exec base: 0x08000000, Load base: 0x08000000, Size: 0x00004794, Max: 0x00100000, ABSOLUTE)

    Exec Addr    Load Addr    Size         Type   Attr      Idx    E Section Name        Object

    0x08000000   0x08000000   0x00000188   Data   RO            3    RESET               startup_stm32f407xx.o
    0x08000188   0x08000188   0x00000000   Code   RO         3964  * .ARM.Collect$$$$00000000  mc_w.l(entry.o)
    0x08000188   0x08000188   0x00000004   Code   RO         4295    .ARM.Collect$$$$00000001  mc_w.l(entry2.o)
    0x0800018c   0x0800018c   0x00000004   Code   RO         4298    .ARM.Collect$$$$00000004  mc_w.l(entry5.o)
    0x08000190   0x08000190   0x00000000   Code   RO         4300    .ARM.Collect$$$$00000008  mc_w.l(entry7b.o)
    0x08000190   0x08000190   0x00000000   Code   RO         4302    .ARM.Collect$$$$0000000A  mc_w.l(entry8b.o)
    0x08000190   0x08000190   0x00000008   Code   RO         4303    .ARM.Collect$$$$0000000B  mc_w.l(entry9a.o)
    0x08000198   0x08000198   0x00000000   Code   RO         4305    .ARM.Collect$$$$0000000D  mc_w.l(entry10a.o)
    0x08000198   0x08000198   0x00000000   Code   RO         4307    .ARM.Collect$$$$0000000F  mc_w.l(entry11a.o)
    0x08000198   0x08000198   0x00000004   Code   RO         4296    .ARM.Collect$$$$00002712  mc_w.l(entry2.o)
    0x0800019c   0x0800019c   0x00000024   Code   RO            4    .text               startup_stm32f407xx.o
    0x080001c0   0x080001c0   0x00000062   Code   RO         3967    .text               mc_w.l(uldiv.o)
    0x08000222   0x08000222   0x00000024   Code   RO         3969    .text               mc_w.l(memseta.o)
    0x08000246   0x08000246   0x0000001a   Code   RO         4232    .text               mc_w.l(atoi.o)
    0x08000260   0x08000260   0x0000014e   Code   RO         4234    .text               mf_w.l(dadd.o)
    0x080003ae   0x080003ae   0x000000e4   Code   RO         4236    .text               mf_w.l(dmul.o)
    0x08000492   0x08000492   0x000000de   Code   RO         4238    .text               mf_w.l(ddiv.o)
    0x08000570   0x08000570   0x00000026   Code   RO         4240    .text               mf_w.l(f2d.o)
    0x08000596   0x08000596   0x00000038   Code   RO         4242    .text               mf_w.l(d2f.o)
    0x080005ce   0x080005ce   0x0000002c   Code   RO         4312    .text               mc_w.l(uidiv.o)
    0x080005fa   0x080005fa   0x0000001e   Code   RO         4314    .text               mc_w.l(llshl.o)
    0x08000618   0x08000618   0x00000020   Code   RO         4316    .text               mc_w.l(llushr.o)
    0x08000638   0x08000638   0x00000024   Code   RO         4318    .text               mc_w.l(llsshr.o)
    0x0800065c   0x0800065c   0x00000070   Code   RO         4327    .text               mc_w.l(strtol.o)
    0x080006cc   0x080006cc   0x00000000   Code   RO         4329    .text               mc_w.l(iusefp.o)
    0x080006cc   0x080006cc   0x0000006e   Code   RO         4330    .text               mf_w.l(fepilogue.o)
    0x0800073a   0x0800073a   0x000000ba   Code   RO         4332    .text               mf_w.l(depilogue.o)
    0x080007f4   0x080007f4   0x00000030   Code   RO         4338    .text               mf_w.l(dfixul.o)
    0x08000824   0x08000824   0x00000030   Code   RO         4342    .text               mf_w.l(cdrcmple.o)
    0x08000854   0x08000854   0x00000024   Code   RO         4348    .text               mc_w.l(init.o)
    0x08000878   0x08000878   0x00000008   Code   RO         4351    .text               mc_w.l(ctype_o.o)
    0x08000880   0x08000880   0x0000009e   Code   RO         4379    .text               mc_w.l(_strtoul.o)
    0x0800091e   0x0800091e   0x0000001c   Code   RO         4382    .text               mc_w.l(_chval.o)
    0x0800093a   0x0800093a   0x00000002   Code   RO          537    i.BusFault_Handler  stm32f4xx_it.o
    0x0800093c   0x0800093c   0x00000164   Code   RO           13    i.ComplementaryFilter  mpu6050.o
    0x08000aa0   0x08000aa0   0x0000000c   Code   RO          538    i.DMA2_Stream2_IRQHandler  stm32f4xx_it.o
    0x08000aac   0x08000aac   0x0000000c   Code   RO          539    i.DMA2_Stream7_IRQHandler  stm32f4xx_it.o
    0x08000ab8   0x08000ab8   0x00000028   Code   RO         1682    i.DMA_CalcBaseAndBitshift  stm32f4xx_hal_dma.o
    0x08000ae0   0x08000ae0   0x00000054   Code   RO         1683    i.DMA_CheckFifoParam  stm32f4xx_hal_dma.o
    0x08000b34   0x08000b34   0x00000028   Code   RO         1684    i.DMA_SetConfig     stm32f4xx_hal_dma.o
    0x08000b5c   0x08000b5c   0x00000002   Code   RO          540    i.DebugMon_Handler  stm32f4xx_it.o
    0x08000b5e   0x08000b5e   0x00000002   Code   RO          421    i.Error_Handler     main.o
    0x08000b60   0x08000b60   0x00000024   Code   RO         1686    i.HAL_DMA_Abort_IT  stm32f4xx_hal_dma.o
    0x08000b84   0x08000b84   0x000001a0   Code   RO         1690    i.HAL_DMA_IRQHandler  stm32f4xx_hal_dma.o
    0x08000d24   0x08000d24   0x000000d4   Code   RO         1691    i.HAL_DMA_Init      stm32f4xx_hal_dma.o
    0x08000df8   0x08000df8   0x0000006e   Code   RO         1695    i.HAL_DMA_Start_IT  stm32f4xx_hal_dma.o
    0x08000e66   0x08000e66   0x00000002   PAD
    0x08000e68   0x08000e68   0x000001b8   Code   RO         1578    i.HAL_GPIO_Init     stm32f4xx_hal_gpio.o
    0x08001020   0x08001020   0x0000000e   Code   RO         1581    i.HAL_GPIO_TogglePin  stm32f4xx_hal_gpio.o
    0x0800102e   0x0800102e   0x0000000a   Code   RO         1582    i.HAL_GPIO_WritePin  stm32f4xx_hal_gpio.o
    0x08001038   0x08001038   0x0000000c   Code   RO         2110    i.HAL_GetTick       stm32f4xx_hal.o
    0x08001044   0x08001044   0x00000188   Code   RO          789    i.HAL_I2C_Init      stm32f4xx_hal_i2c.o
    0x080011cc   0x080011cc   0x000001f8   Code   RO          807    i.HAL_I2C_Mem_Read  stm32f4xx_hal_i2c.o
    0x080013c4   0x080013c4   0x00000130   Code   RO          810    i.HAL_I2C_Mem_Write  stm32f4xx_hal_i2c.o
    0x080014f4   0x080014f4   0x0000006c   Code   RO          662    i.HAL_I2C_MspInit   stm32f4xx_hal_msp.o
    0x08001560   0x08001560   0x00000010   Code   RO         2116    i.HAL_IncTick       stm32f4xx_hal.o
    0x08001570   0x08001570   0x00000034   Code   RO         2117    i.HAL_Init          stm32f4xx_hal.o
    0x080015a4   0x080015a4   0x00000040   Code   RO         2118    i.HAL_InitTick      stm32f4xx_hal.o
    0x080015e4   0x080015e4   0x00000034   Code   RO          663    i.HAL_MspInit       stm32f4xx_hal_msp.o
    0x08001618   0x08001618   0x0000001a   Code   RO         1967    i.HAL_NVIC_EnableIRQ  stm32f4xx_hal_cortex.o
    0x08001632   0x08001632   0x00000002   PAD
    0x08001634   0x08001634   0x00000040   Code   RO         1973    i.HAL_NVIC_SetPriority  stm32f4xx_hal_cortex.o
    0x08001674   0x08001674   0x00000024   Code   RO         1974    i.HAL_NVIC_SetPriorityGrouping  stm32f4xx_hal_cortex.o
    0x08001698   0x08001698   0x00000134   Code   RO         1224    i.HAL_RCC_ClockConfig  stm32f4xx_hal_rcc.o
    0x080017cc   0x080017cc   0x00000020   Code   RO         1231    i.HAL_RCC_GetPCLK1Freq  stm32f4xx_hal_rcc.o
    0x080017ec   0x080017ec   0x00000020   Code   RO         1232    i.HAL_RCC_GetPCLK2Freq  stm32f4xx_hal_rcc.o
    0x0800180c   0x0800180c   0x00000060   Code   RO         1233    i.HAL_RCC_GetSysClockFreq  stm32f4xx_hal_rcc.o
    0x0800186c   0x0800186c   0x0000035c   Code   RO         1236    i.HAL_RCC_OscConfig  stm32f4xx_hal_rcc.o
    0x08001bc8   0x08001bc8   0x00000080   Code   RO         2366    i.HAL_SPI_Init      stm32f4xx_hal_spi.o
    0x08001c48   0x08001c48   0x00000068   Code   RO          665    i.HAL_SPI_MspInit   stm32f4xx_hal_msp.o
    0x08001cb0   0x08001cb0   0x00000028   Code   RO         1978    i.HAL_SYSTICK_Config  stm32f4xx_hal_cortex.o
    0x08001cd8   0x08001cd8   0x00000002   Code   RO         3354    i.HAL_TIMEx_BreakCallback  stm32f4xx_hal_tim_ex.o
    0x08001cda   0x08001cda   0x00000002   Code   RO         3355    i.HAL_TIMEx_CommutCallback  stm32f4xx_hal_tim_ex.o
    0x08001cdc   0x08001cdc   0x00000090   Code   RO         3372    i.HAL_TIMEx_MasterConfigSynchronization  stm32f4xx_hal_tim_ex.o
    0x08001d6c   0x08001d6c   0x00000036   Code   RO         2679    i.HAL_TIM_Base_Init  stm32f4xx_hal_tim.o
    0x08001da2   0x08001da2   0x00000002   PAD
    0x08001da4   0x08001da4   0x000000f4   Code   RO          667    i.HAL_TIM_Base_MspInit  stm32f4xx_hal_msp.o
    0x08001e98   0x08001e98   0x00000022   Code   RO         2684    i.HAL_TIM_Base_Start_IT  stm32f4xx_hal_tim.o
    0x08001eba   0x08001eba   0x000000d6   Code   RO         2688    i.HAL_TIM_ConfigClockSource  stm32f4xx_hal_tim.o
    0x08001f90   0x08001f90   0x00000002   Code   RO         2708    i.HAL_TIM_IC_CaptureCallback  stm32f4xx_hal_tim.o
    0x08001f92   0x08001f92   0x00000166   Code   RO         2722    i.HAL_TIM_IRQHandler  stm32f4xx_hal_tim.o
    0x080020f8   0x080020f8   0x000000b0   Code   RO          668    i.HAL_TIM_MspPostInit  stm32f4xx_hal_msp.o
    0x080021a8   0x080021a8   0x00000002   Code   RO         2725    i.HAL_TIM_OC_DelayElapsedCallback  stm32f4xx_hal_tim.o
    0x080021aa   0x080021aa   0x000000d0   Code   RO         2746    i.HAL_TIM_PWM_ConfigChannel  stm32f4xx_hal_tim.o
    0x0800227a   0x0800227a   0x00000036   Code   RO         2749    i.HAL_TIM_PWM_Init  stm32f4xx_hal_tim.o
    0x080022b0   0x080022b0   0x00000002   Code   RO         2751    i.HAL_TIM_PWM_MspInit  stm32f4xx_hal_tim.o
    0x080022b2   0x080022b2   0x00000002   Code   RO         2752    i.HAL_TIM_PWM_PulseFinishedCallback  stm32f4xx_hal_tim.o
    0x080022b4   0x080022b4   0x00000044   Code   RO         2754    i.HAL_TIM_PWM_Start  stm32f4xx_hal_tim.o
    0x080022f8   0x080022f8   0x00000160   Code   RO          422    i.HAL_TIM_PeriodElapsedCallback  main.o
    0x08002458   0x08002458   0x00000002   Code   RO         2765    i.HAL_TIM_TriggerCallback  stm32f4xx_hal_tim.o
    0x0800245a   0x0800245a   0x00000002   Code   RO         3626    i.HAL_UART_ErrorCallback  stm32f4xx_hal_uart.o
    0x0800245c   0x0800245c   0x00000114   Code   RO         3629    i.HAL_UART_IRQHandler  stm32f4xx_hal_uart.o
    0x08002570   0x08002570   0x00000062   Code   RO         3630    i.HAL_UART_Init     stm32f4xx_hal_uart.o
    0x080025d2   0x080025d2   0x00000002   PAD
    0x080025d4   0x080025d4   0x000000e4   Code   RO          670    i.HAL_UART_MspInit  stm32f4xx_hal_msp.o
    0x080026b8   0x080026b8   0x00000098   Code   RO         3634    i.HAL_UART_Receive_DMA  stm32f4xx_hal_uart.o
    0x08002750   0x08002750   0x000000c0   Code   RO          423    i.HAL_UART_RxCpltCallback  main.o
    0x08002810   0x08002810   0x00000002   Code   RO         3637    i.HAL_UART_RxHalfCpltCallback  stm32f4xx_hal_uart.o
    0x08002812   0x08002812   0x00000002   PAD
    0x08002814   0x08002814   0x00000080   Code   RO         3639    i.HAL_UART_Transmit_DMA  stm32f4xx_hal_uart.o
    0x08002894   0x08002894   0x00000002   Code   RO         3641    i.HAL_UART_TxCpltCallback  stm32f4xx_hal_uart.o
    0x08002896   0x08002896   0x00000002   Code   RO         3642    i.HAL_UART_TxHalfCpltCallback  stm32f4xx_hal_uart.o
    0x08002898   0x08002898   0x00000002   Code   RO          541    i.HardFault_Handler  stm32f4xx_it.o
    0x0800289a   0x0800289a   0x0000002e   Code   RO          831    i.I2C_IsAcknowledgeFailed  stm32f4xx_hal_i2c.o
    0x080028c8   0x080028c8   0x000000fc   Code   RO          841    i.I2C_RequestMemoryRead  stm32f4xx_hal_i2c.o
    0x080029c4   0x080029c4   0x000000a8   Code   RO          842    i.I2C_RequestMemoryWrite  stm32f4xx_hal_i2c.o
    0x08002a6c   0x08002a6c   0x0000004c   Code   RO          845    i.I2C_WaitOnBTFFlagUntilTimeout  stm32f4xx_hal_i2c.o
    0x08002ab8   0x08002ab8   0x00000068   Code   RO          846    i.I2C_WaitOnFlagUntilTimeout  stm32f4xx_hal_i2c.o
    0x08002b20   0x08002b20   0x00000096   Code   RO          847    i.I2C_WaitOnMasterAddressFlagUntilTimeout  stm32f4xx_hal_i2c.o
    0x08002bb6   0x08002bb6   0x00000066   Code   RO          848    i.I2C_WaitOnRXNEFlagUntilTimeout  stm32f4xx_hal_i2c.o
    0x08002c1c   0x08002c1c   0x0000004c   Code   RO          849    i.I2C_WaitOnTXEFlagUntilTimeout  stm32f4xx_hal_i2c.o
    0x08002c68   0x08002c68   0x0000004c   Code   RO           15    i.MPU6050_DeviceReset  mpu6050.o
    0x08002cb4   0x08002cb4   0x00000044   Code   RO           19    i.MPU6050_GetAccelerometerRAW  mpu6050.o
    0x08002cf8   0x08002cf8   0x00000044   Code   RO           22    i.MPU6050_GetGyroscopeRAW  mpu6050.o
    0x08002d3c   0x08002d3c   0x00000064   Code   RO           23    i.MPU6050_GetGyroscopeScaled  mpu6050.o
    0x08002da0   0x08002da0   0x00000034   Code   RO           33    i.MPU6050_Init      mpu6050.o
    0x08002dd4   0x08002dd4   0x0000004c   Code   RO           34    i.MPU6050_SetClockSource  mpu6050.o
    0x08002e20   0x08002e20   0x0000004c   Code   RO           37    i.MPU6050_SetDlpf   mpu6050.o
    0x08002e6c   0x08002e6c   0x0000008c   Code   RO           40    i.MPU6050_SetFullScaleAccelRange  mpu6050.o
    0x08002ef8   0x08002ef8   0x0000008c   Code   RO           41    i.MPU6050_SetFullScaleGyroRange  mpu6050.o
    0x08002f84   0x08002f84   0x00000050   Code   RO           54    i.MPU6050_SetSleepEnabled  mpu6050.o
    0x08002fd4   0x08002fd4   0x000000ec   Code   RO          424    i.MX_GPIO_Init      main.o
    0x080030c0   0x080030c0   0x00000034   Code   RO          425    i.MX_SPI1_Init      main.o
    0x080030f4   0x080030f4   0x0000007c   Code   RO          426    i.MX_TIM2_Init      main.o
    0x08003170   0x08003170   0x0000007c   Code   RO          427    i.MX_TIM3_Init      main.o
    0x080031ec   0x080031ec   0x0000007c   Code   RO          428    i.MX_TIM4_Init      main.o
    0x08003268   0x08003268   0x00000002   Code   RO          542    i.MemManage_Handler  stm32f4xx_it.o
    0x0800326a   0x0800326a   0x00000002   Code   RO          543    i.NMI_Handler       stm32f4xx_it.o
    0x0800326c   0x0800326c   0x00000002   Code   RO          544    i.PendSV_Handler    stm32f4xx_it.o
    0x0800326e   0x0800326e   0x00000002   Code   RO          545    i.SVC_Handler       stm32f4xx_it.o
    0x08003270   0x08003270   0x00000004   Code   RO          546    i.SysTick_Handler   stm32f4xx_it.o
    0x08003274   0x08003274   0x00000084   Code   RO          429    i.SystemClock_Config  main.o
    0x080032f8   0x080032f8   0x00000054   Code   RO          741    i.SystemInit        system_stm32f4xx.o
    0x0800334c   0x0800334c   0x0000000c   Code   RO          547    i.TIM1_TRG_COM_TIM11_IRQHandler  stm32f4xx_it.o
    0x08003358   0x08003358   0x0000000c   Code   RO          548    i.TIM1_UP_TIM10_IRQHandler  stm32f4xx_it.o
    0x08003364   0x08003364   0x0000000c   Code   RO          549    i.TIM3_IRQHandler   stm32f4xx_it.o
    0x08003370   0x08003370   0x0000000c   Code   RO          550    i.TIM4_IRQHandler   stm32f4xx_it.o
    0x0800337c   0x0800337c   0x0000000c   Code   RO          551    i.TIM8_UP_TIM13_IRQHandler  stm32f4xx_it.o
    0x08003388   0x08003388   0x000000c8   Code   RO         2767    i.TIM_Base_SetConfig  stm32f4xx_hal_tim.o
    0x08003450   0x08003450   0x0000001a   Code   RO         2768    i.TIM_CCxChannelCmd  stm32f4xx_hal_tim.o
    0x0800346a   0x0800346a   0x00000014   Code   RO         2778    i.TIM_ETR_SetConfig  stm32f4xx_hal_tim.o
    0x0800347e   0x0800347e   0x00000010   Code   RO         2779    i.TIM_ITRx_SetConfig  stm32f4xx_hal_tim.o
    0x0800348e   0x0800348e   0x00000002   PAD
    0x08003490   0x08003490   0x00000060   Code   RO         2780    i.TIM_OC1_SetConfig  stm32f4xx_hal_tim.o
    0x080034f0   0x080034f0   0x0000006c   Code   RO         2781    i.TIM_OC2_SetConfig  stm32f4xx_hal_tim.o
    0x0800355c   0x0800355c   0x00000068   Code   RO         2782    i.TIM_OC3_SetConfig  stm32f4xx_hal_tim.o
    0x080035c4   0x080035c4   0x00000050   Code   RO         2783    i.TIM_OC4_SetConfig  stm32f4xx_hal_tim.o
    0x08003614   0x08003614   0x00000022   Code   RO         2785    i.TIM_TI1_ConfigInputStage  stm32f4xx_hal_tim.o
    0x08003636   0x08003636   0x00000024   Code   RO         2787    i.TIM_TI2_ConfigInputStage  stm32f4xx_hal_tim.o
    0x0800365a   0x0800365a   0x00000010   Code   RO         3643    i.UART_DMAAbortOnError  stm32f4xx_hal_uart.o
    0x0800366a   0x0800366a   0x0000004a   Code   RO         3644    i.UART_DMAError     stm32f4xx_hal_uart.o
    0x080036b4   0x080036b4   0x0000003c   Code   RO         3645    i.UART_DMAReceiveCplt  stm32f4xx_hal_uart.o
    0x080036f0   0x080036f0   0x0000000a   Code   RO         3647    i.UART_DMARxHalfCplt  stm32f4xx_hal_uart.o
    0x080036fa   0x080036fa   0x0000002e   Code   RO         3649    i.UART_DMATransmitCplt  stm32f4xx_hal_uart.o
    0x08003728   0x08003728   0x0000000a   Code   RO         3651    i.UART_DMATxHalfCplt  stm32f4xx_hal_uart.o
    0x08003732   0x08003732   0x0000001c   Code   RO         3653    i.UART_EndRxTransfer  stm32f4xx_hal_uart.o
    0x0800374e   0x0800374e   0x00000012   Code   RO         3654    i.UART_EndTxTransfer  stm32f4xx_hal_uart.o
    0x08003760   0x08003760   0x00000096   Code   RO         3655    i.UART_Receive_IT   stm32f4xx_hal_uart.o
    0x080037f6   0x080037f6   0x00000002   PAD
    0x080037f8   0x080037f8   0x00000128   Code   RO         3656    i.UART_SetConfig    stm32f4xx_hal_uart.o
    0x08003920   0x08003920   0x00000062   Code   RO         3657    i.UART_Transmit_IT  stm32f4xx_hal_uart.o
    0x08003982   0x08003982   0x00000002   PAD
    0x08003984   0x08003984   0x0000000c   Code   RO          552    i.USART1_IRQHandler  stm32f4xx_it.o
    0x08003990   0x08003990   0x00000002   Code   RO          553    i.UsageFault_Handler  stm32f4xx_it.o
    0x08003992   0x08003992   0x00000002   PAD
    0x08003994   0x08003994   0x00000028   Code   RO         4206    i.__0sprintf        mc_w.l(printfa.o)
    0x080039bc   0x080039bc   0x00000026   Code   RO         4278    i.__ARM_fpclassifyf  m_wm.l(fpclassifyf.o)
    0x080039e2   0x080039e2   0x00000020   Code   RO         1980    i.__NVIC_SetPriority  stm32f4xx_hal_cortex.o
    0x08003a02   0x08003a02   0x00000002   PAD
    0x08003a04   0x08003a04   0x00000008   Code   RO         4320    i.__aeabi_errno_addr  mc_w.l(errno.o)
    0x08003a0c   0x08003a0c   0x00000250   Code   RO         3940    i.__hardfp_atan2f   m_wm.l(atan2f.o)
    0x08003c5c   0x08003c5c   0x00000006   Code   RO         4282    i.__mathlib_flt_infnan2  m_wm.l(funder.o)
    0x08003c62   0x08003c62   0x00000002   PAD
    0x08003c64   0x08003c64   0x00000010   Code   RO         4286    i.__mathlib_flt_underflow  m_wm.l(funder.o)
    0x08003c74   0x08003c74   0x0000000e   Code   RO         4386    i.__scatterload_copy  mc_w.l(handlers.o)
    0x08003c82   0x08003c82   0x00000002   Code   RO         4387    i.__scatterload_null  mc_w.l(handlers.o)
    0x08003c84   0x08003c84   0x0000000e   Code   RO         4388    i.__scatterload_zeroinit  mc_w.l(handlers.o)
    0x08003c92   0x08003c92   0x00000002   PAD
    0x08003c94   0x08003c94   0x00000184   Code   RO         4211    i._fp_digits        mc_w.l(printfa.o)
    0x08003e18   0x08003e18   0x000006dc   Code   RO         4212    i._printf_core      mc_w.l(printfa.o)
    0x080044f4   0x080044f4   0x00000024   Code   RO         4213    i._printf_post_padding  mc_w.l(printfa.o)
    0x08004518   0x08004518   0x0000002e   Code   RO         4214    i._printf_pre_padding  mc_w.l(printfa.o)
    0x08004546   0x08004546   0x0000000a   Code   RO         4216    i._sputc            mc_w.l(printfa.o)
    0x08004550   0x08004550   0x0000017c   Code   RO          430    i.main              main.o
    0x080046cc   0x080046cc   0x00000010   Data   RO          742    .constdata          system_stm32f4xx.o
    0x080046dc   0x080046dc   0x00000008   Data   RO          743    .constdata          system_stm32f4xx.o
    0x080046e4   0x080046e4   0x00000008   Data   RO         1697    .constdata          stm32f4xx_hal_dma.o
    0x080046ec   0x080046ec   0x00000081   Data   RO         4352    .constdata          mc_w.l(ctype_o.o)
    0x0800476d   0x0800476d   0x00000003   PAD
    0x08004770   0x08004770   0x00000004   Data   RO         4353    .constdata          mc_w.l(ctype_o.o)
    0x08004774   0x08004774   0x00000020   Data   RO         4384    Region$$Table       anon$$obj.o


    Execution Region RW_IRAM1 (Exec base: 0x20000000, Load base: 0x08004794, Size: 0x000007b8, Max: 0x00020000, ABSOLUTE)

    Exec Addr    Load Addr    Size         Type   Attr      Idx    E Section Name        Object

    0x20000000   0x08004794   0x0000000c   Data   RW           58    .data               mpu6050.o
    0x2000000c   0x080047a0   0x00000040   Data   RW          435    .data               main.o
    0x2000004c   0x080047e0   0x00000004   Data   RW          744    .data               system_stm32f4xx.o
    0x20000050   0x080047e4   0x0000000c   Data   RW         2124    .data               stm32f4xx_hal.o
    0x2000005c   0x080047f0   0x00000004   Data   RW         4323    .data               mc_w.l(errno.o)
    0x20000060        -       0x00000294   Zero   RW          431    .bss                main.o
    0x200002f4        -       0x00000060   Zero   RW          432    .bss                main.o
    0x20000354        -       0x00000060   Zero   RW          433    .bss                main.o
    0x200003b4   0x080047f4   0x00000004   PAD
    0x200003b8        -       0x00000400   Zero   RW            1    STACK               startup_stm32f407xx.o


==============================================================================

Image component sizes


      Code (inc. data)   RO Data    RW Data    ZI Data      Debug   Object Name

      1718        196          0         64        852      10268   main.o
      1232        120          0         12          0     708736   mpu6050.o
        36          8        392          0       1024        904   startup_stm32f407xx.o
       144         24          0         12          0       9249   stm32f4xx_hal.o
       198         14          0          0          0      34367   stm32f4xx_hal_cortex.o
       938         16          8          0          0       7022   stm32f4xx_hal_dma.o
       464         46          0          0          0       3301   stm32f4xx_hal_gpio.o
      2174         52          0          0          0      13770   stm32f4xx_hal_i2c.o
       912        104          0          0          0       5390   stm32f4xx_hal_msp.o
      1328         72          0          0          0       5648   stm32f4xx_hal_rcc.o
       128          0          0          0          0       1303   stm32f4xx_hal_spi.o
      1720         90          0          0          0      18134   stm32f4xx_hal_tim.o
       148         28          0          0          0       2737   stm32f4xx_hal_tim_ex.o
      1468         44          0          0          0      14724   stm32f4xx_hal_uart.o
       116         48          0          0          0       9020   stm32f4xx_it.o
        84         18         24          4          0       1363   system_stm32f4xx.o

    ----------------------------------------------------------------------
     12828        880        456         92       1880     845936   Object Totals
         0          0         32          0          0          0   (incl. Generated)
        20          0          0          0          4          0   (incl. Padding)

    ----------------------------------------------------------------------

      Code (inc. data)   RO Data    RW Data    ZI Data      Debug   Library Member Name

       592         90          0          0          0        184   atan2f.o
        38          0          0          0          0        116   fpclassifyf.o
        22          6          0          0          0        232   funder.o
        28          0          0          0          0         68   _chval.o
       158          0          0          0          0         92   _strtoul.o
        26          0          0          0          0         80   atoi.o
         8          4        133          0          0         68   ctype_o.o
         0          0          0          0          0          0   entry.o
         0          0          0          0          0          0   entry10a.o
         0          0          0          0          0          0   entry11a.o
         8          4          0          0          0          0   entry2.o
         4          0          0          0          0          0   entry5.o
         0          0          0          0          0          0   entry7b.o
         0          0          0          0          0          0   entry8b.o
         8          4          0          0          0          0   entry9a.o
         8          4          0          4          0         68   errno.o
        30          0          0          0          0          0   handlers.o
        36          8          0          0          0         68   init.o
         0          0          0          0          0          0   iusefp.o
        30          0          0          0          0         68   llshl.o
        36          0          0          0          0         68   llsshr.o
        32          0          0          0          0         68   llushr.o
        36          0          0          0          0        108   memseta.o
      2276         86          0          0          0        520   printfa.o
       112          0          0          0          0         88   strtol.o
        44          0          0          0          0         80   uidiv.o
        98          0          0          0          0         92   uldiv.o
        48          0          0          0          0         68   cdrcmple.o
        56          0          0          0          0         88   d2f.o
       334          0          0          0          0        148   dadd.o
       222          0          0          0          0        100   ddiv.o
       186          0          0          0          0        176   depilogue.o
        48          0          0          0          0         68   dfixul.o
       228          0          0          0          0         96   dmul.o
        38          0          0          0          0         68   f2d.o
       110          0          0          0          0        168   fepilogue.o

    ----------------------------------------------------------------------
      4904        206        136          4          0       3048   Library Totals
         4          0          3          0          0          0   (incl. Padding)

    ----------------------------------------------------------------------

      Code (inc. data)   RO Data    RW Data    ZI Data      Debug   Library Name

       652         96          0          0          0        532   m_wm.l
      2978        110        133          4          0       1536   mc_w.l
      1270          0          0          0          0        980   mf_w.l

    ----------------------------------------------------------------------
      4904        206        136          4          0       3048   Library Totals

    ----------------------------------------------------------------------

==============================================================================


      Code (inc. data)   RO Data    RW Data    ZI Data      Debug   

     17732       1086        592         96       1880     835640   Grand Totals
     17732       1086        592         96       1880     835640   ELF Image Totals
     17732       1086        592         96          0          0   ROM Totals

==============================================================================

    Total RO  Size (Code + RO Data)                18324 (  17.89kB)
    Total RW  Size (RW Data + ZI Data)              1976 (   1.93kB)
    Total ROM Size (Code + RO Data + RW Data)      18420 (  17.99kB)

==============================================================================

