<html>
<body>
<pre>
<h1>µVision Build Log</h1>
<h2>Tool Versions:</h2>
IDE-Version: µVision V5.26.2.0
Copyright (C) 2018 ARM Ltd and ARM Germany GmbH. All rights reserved.
License Information: Adrian Luberda, Akademia Górniczo-Hutnicza im. Stanislawa Staszica w Krakowie, LIC=----
 
Tool Versions:
Toolchain:       MDK-Lite  Version: 5.26.2.0
Toolchain Path:  C:\Keil_v5\ARM\ARMCC\Bin
C Compiler:      Armcc.exe V5.06 update 6 (build 750)
Assembler:       Armasm.exe V5.06 update 6 (build 750)
Linker/Locator:  ArmLink.exe V5.06 update 6 (build 750)
Library Manager: ArmAr.exe V5.06 update 6 (build 750)
Hex Converter:   FromElf.exe V5.06 update 6 (build 750)
CPU DLL:         SARMCM3.DLL V5.26.2.0
Dialog DLL:      DCM.DLL V1.17.2.0
Target DLL:      STLink\ST-LINKIII-KEIL_SWO.dll V3.0.5.0
Dialog DLL:      TCM.DLL V1.36.1.0
 
<h2>Project:</h2>
C:\Users\Adrian\Desktop\PWM_external_pullup\MDK-ARM\PWM_external_pullup.uvprojx
Project File Date:  02/27/2019

<h2>Output:</h2>
*** Using Compiler 'V5.06 update 6 (build 750)', folder: 'C:\Keil_v5\ARM\ARMCC\Bin'
Build target 'PWM_external_pullup'
assembling startup_stm32f407xx.s...
compiling stm32f4xx_it.c...
compiling main.c...
../Src/main.c(102): warning:  #167-D: argument of type "uint8_t *" is incompatible with parameter of type "const char *"
  	int speed = atoi(&received_data[2]);// + atoi(&received_data[3]); //  0-99% ???
../Src/main.c(110): warning:  #167-D: argument of type "uint8_t *" is incompatible with parameter of type "char *restrict"
  			size = sprintf(send_data, "Wlazl w ifa z 'xD', a wartosc CCR3 to '%d'.\n\r", TIM4->CCR3);
../Src/main.c(114): warning:  #167-D: argument of type "uint8_t *" is incompatible with parameter of type "char *restrict"
  			size = sprintf(send_data, "Wlazl w ifa z 'SR', a wartosc speed to '%d'\n\r", TIM4->CCR3);
../Src/main.c(117): warning:  #167-D: argument of type "uint8_t *" is incompatible with parameter of type "char *restrict"
  			size = sprintf(send_data, "Odebrana wiadomosc zawiera nieznane znaki!\n\r");
../Src/main.c(123): warning:  #167-D: argument of type "uint8_t *" is incompatible with parameter of type "char *restrict"
  			size = sprintf(send_data, "Wlazl w ifa z 'TR', a wartosc CCR2 to '%d'\n\r", TIM2->CCR2);
../Src/main.c(127): warning:  #167-D: argument of type "uint8_t *" is incompatible with parameter of type "char *restrict"
  			size = sprintf(send_data, "Wlazl w ifa z 'TL', a wartosc CCR2 to '%d'.\n\r", TIM2->CCR2);
../Src/main.c(130): warning:  #167-D: argument of type "uint8_t *" is incompatible with parameter of type "char *restrict"
  			size = sprintf(send_data, "Odebrana wiadomosc zawiera nieznane znaki!\n\r");
../Src/main.c(134): warning:  #167-D: argument of type "uint8_t *" is incompatible with parameter of type "char *restrict"
  		size = sprintf(send_data, "Odebrana wiadomosc zawiera nieznane znaki!\n\r");
../Src/main.c: 8 warnings, 0 errors
compiling stm32f4xx_hal_msp.c...
compiling stm32f4xx_hal_tim_ex.c...
compiling stm32f4xx_hal_spi.c...
compiling stm32f4xx_hal_tim.c...
compiling stm32f4xx_hal_uart.c...
compiling stm32f4xx_hal_rcc_ex.c...
compiling stm32f4xx_hal_rcc.c...
compiling stm32f4xx_hal_flash_ex.c...
compiling stm32f4xx_hal_flash.c...
compiling stm32f4xx_hal_flash_ramfunc.c...
compiling stm32f4xx_hal_gpio.c...
compiling stm32f4xx_hal_dma.c...
compiling stm32f4xx_hal_dma_ex.c...
compiling stm32f4xx_hal_pwr.c...
compiling stm32f4xx_hal_pwr_ex.c...
compiling stm32f4xx_hal_cortex.c...
compiling system_stm32f4xx.c...
compiling stm32f4xx_hal.c...
linking...
Program Size: Code=9060 RO-data=584 RW-data=24 ZI-data=1360  
FromELF: creating hex file...
"PWM_external_pullup\PWM_external_pullup.axf" - 0 Error(s), 8 Warning(s).

<h2>Software Packages used:</h2>

Package Vendor: ARM
                http://www.keil.com/pack/ARM.CMSIS.5.4.0.pack
                ARM.CMSIS.5.4.0
                CMSIS (Cortex Microcontroller Software Interface Standard)
   * Component: CORE Version: 5.1.2

Package Vendor: Keil
                http://www.keil.com/pack/Keil.STM32F4xx_DFP.2.13.0.pack
                Keil.STM32F4xx_DFP.2.13.0
                STMicroelectronics STM32F4 Series Device Support, Drivers and Examples

<h2>Collection of Component include folders:</h2>
  .\RTE\_PWM_external_pullup
  C:\Keil_v5\ARM\PACK\ARM\CMSIS\5.4.0\CMSIS\Core\Include
  C:\Keil_v5\ARM\PACK\Keil\STM32F4xx_DFP\2.13.0\Drivers\CMSIS\Device\ST\STM32F4xx\Include

<h2>Collection of Component Files used:</h2>

   * Component: ARM::CMSIS:CORE:5.1.2
Build Time Elapsed:  00:01:03
</pre>
</body>
</html>
